Archive member included to satisfy reference by file (symbol)

/opt/st/stm32cubeide_1.5.1/plugins/com.st.stm32cube.ide.mcu.externaltools.gnu-tools-for-stm32.7-2018-q2-update.linux64_1.5.0.202011040924/tools/bin/../lib/gcc/arm-none-eabi/7.3.1/../../../../arm-none-eabi/lib/thumb/v7e-m/fpv4-sp/hard/libc_nano.a(lib_a-errno.o)
                              Core/Src/syscalls.o (__errno)
/opt/st/stm32cubeide_1.5.1/plugins/com.st.stm32cube.ide.mcu.externaltools.gnu-tools-for-stm32.7-2018-q2-update.linux64_1.5.0.202011040924/tools/bin/../lib/gcc/arm-none-eabi/7.3.1/../../../../arm-none-eabi/lib/thumb/v7e-m/fpv4-sp/hard/libc_nano.a(lib_a-exit.o)
                              /opt/st/stm32cubeide_1.5.1/plugins/com.st.stm32cube.ide.mcu.externaltools.gnu-tools-for-stm32.7-2018-q2-update.linux64_1.5.0.202011040924/tools/bin/../lib/gcc/arm-none-eabi/7.3.1/../../../../arm-none-eabi/lib/thumb/v7e-m/fpv4-sp/hard/crt0.o (exit)
/opt/st/stm32cubeide_1.5.1/plugins/com.st.stm32cube.ide.mcu.externaltools.gnu-tools-for-stm32.7-2018-q2-update.linux64_1.5.0.202011040924/tools/bin/../lib/gcc/arm-none-eabi/7.3.1/../../../../arm-none-eabi/lib/thumb/v7e-m/fpv4-sp/hard/libc_nano.a(lib_a-impure.o)
                              /opt/st/stm32cubeide_1.5.1/plugins/com.st.stm32cube.ide.mcu.externaltools.gnu-tools-for-stm32.7-2018-q2-update.linux64_1.5.0.202011040924/tools/bin/../lib/gcc/arm-none-eabi/7.3.1/../../../../arm-none-eabi/lib/thumb/v7e-m/fpv4-sp/hard/libc_nano.a(lib_a-exit.o) (_global_impure_ptr)
/opt/st/stm32cubeide_1.5.1/plugins/com.st.stm32cube.ide.mcu.externaltools.gnu-tools-for-stm32.7-2018-q2-update.linux64_1.5.0.202011040924/tools/bin/../lib/gcc/arm-none-eabi/7.3.1/../../../../arm-none-eabi/lib/thumb/v7e-m/fpv4-sp/hard/libc_nano.a(lib_a-init.o)
                              /opt/st/stm32cubeide_1.5.1/plugins/com.st.stm32cube.ide.mcu.externaltools.gnu-tools-for-stm32.7-2018-q2-update.linux64_1.5.0.202011040924/tools/bin/../lib/gcc/arm-none-eabi/7.3.1/../../../../arm-none-eabi/lib/thumb/v7e-m/fpv4-sp/hard/crt0.o (__libc_init_array)
/opt/st/stm32cubeide_1.5.1/plugins/com.st.stm32cube.ide.mcu.externaltools.gnu-tools-for-stm32.7-2018-q2-update.linux64_1.5.0.202011040924/tools/bin/../lib/gcc/arm-none-eabi/7.3.1/../../../../arm-none-eabi/lib/thumb/v7e-m/fpv4-sp/hard/libc_nano.a(lib_a-itoa.o)
                              Core/Src/main.o (itoa)
/opt/st/stm32cubeide_1.5.1/plugins/com.st.stm32cube.ide.mcu.externaltools.gnu-tools-for-stm32.7-2018-q2-update.linux64_1.5.0.202011040924/tools/bin/../lib/gcc/arm-none-eabi/7.3.1/../../../../arm-none-eabi/lib/thumb/v7e-m/fpv4-sp/hard/libc_nano.a(lib_a-malloc.o)
                              Core/Src/main.o (malloc)
/opt/st/stm32cubeide_1.5.1/plugins/com.st.stm32cube.ide.mcu.externaltools.gnu-tools-for-stm32.7-2018-q2-update.linux64_1.5.0.202011040924/tools/bin/../lib/gcc/arm-none-eabi/7.3.1/../../../../arm-none-eabi/lib/thumb/v7e-m/fpv4-sp/hard/libc_nano.a(lib_a-memcpy-stub.o)
                              Core/Src/main.o (memcpy)
/opt/st/stm32cubeide_1.5.1/plugins/com.st.stm32cube.ide.mcu.externaltools.gnu-tools-for-stm32.7-2018-q2-update.linux64_1.5.0.202011040924/tools/bin/../lib/gcc/arm-none-eabi/7.3.1/../../../../arm-none-eabi/lib/thumb/v7e-m/fpv4-sp/hard/libc_nano.a(lib_a-memset.o)
                              /opt/st/stm32cubeide_1.5.1/plugins/com.st.stm32cube.ide.mcu.externaltools.gnu-tools-for-stm32.7-2018-q2-update.linux64_1.5.0.202011040924/tools/bin/../lib/gcc/arm-none-eabi/7.3.1/../../../../arm-none-eabi/lib/thumb/v7e-m/fpv4-sp/hard/crt0.o (memset)
/opt/st/stm32cubeide_1.5.1/plugins/com.st.stm32cube.ide.mcu.externaltools.gnu-tools-for-stm32.7-2018-q2-update.linux64_1.5.0.202011040924/tools/bin/../lib/gcc/arm-none-eabi/7.3.1/../../../../arm-none-eabi/lib/thumb/v7e-m/fpv4-sp/hard/libc_nano.a(lib_a-nano-freer.o)
                              /opt/st/stm32cubeide_1.5.1/plugins/com.st.stm32cube.ide.mcu.externaltools.gnu-tools-for-stm32.7-2018-q2-update.linux64_1.5.0.202011040924/tools/bin/../lib/gcc/arm-none-eabi/7.3.1/../../../../arm-none-eabi/lib/thumb/v7e-m/fpv4-sp/hard/libc_nano.a(lib_a-malloc.o) (_free_r)
/opt/st/stm32cubeide_1.5.1/plugins/com.st.stm32cube.ide.mcu.externaltools.gnu-tools-for-stm32.7-2018-q2-update.linux64_1.5.0.202011040924/tools/bin/../lib/gcc/arm-none-eabi/7.3.1/../../../../arm-none-eabi/lib/thumb/v7e-m/fpv4-sp/hard/libc_nano.a(lib_a-nano-mallocr.o)
                              /opt/st/stm32cubeide_1.5.1/plugins/com.st.stm32cube.ide.mcu.externaltools.gnu-tools-for-stm32.7-2018-q2-update.linux64_1.5.0.202011040924/tools/bin/../lib/gcc/arm-none-eabi/7.3.1/../../../../arm-none-eabi/lib/thumb/v7e-m/fpv4-sp/hard/libc_nano.a(lib_a-malloc.o) (_malloc_r)
/opt/st/stm32cubeide_1.5.1/plugins/com.st.stm32cube.ide.mcu.externaltools.gnu-tools-for-stm32.7-2018-q2-update.linux64_1.5.0.202011040924/tools/bin/../lib/gcc/arm-none-eabi/7.3.1/../../../../arm-none-eabi/lib/thumb/v7e-m/fpv4-sp/hard/libc_nano.a(lib_a-sbrkr.o)
[...]
Memory Configuration

Name             Origin             Length             Attributes
CCMRAM           0x0000000010000000 0x0000000000010000 xrw
RAM              0x0000000020000000 0x0000000000020000 xrw
FLASH            0x0000000008000000 0x0000000000080000 xr
*default*        0x0000000000000000 0xffffffffffffffff

Linker script and memory map

LOAD /opt/st/stm32cubeide_1.5.1/plugins/com.st.stm32cube.ide.mcu.externaltools.gnu-tools-for-stm32.7-2018-q2-update.linux64_1.5.0.202011040924/tools/bin/../lib/gcc/arm-none-eabi/7.3.1/thumb/v7e-m/fpv4-sp/hard/crti.o
LOAD /opt/st/stm32cubeide_1.5.1/plugins/com.st.stm32cube.ide.mcu.externaltools.gnu-tools-for-stm32.7-2018-q2-update.linux64_1.5.0.202011040924/tools/bin/../lib/gcc/arm-none-eabi/7.3.1/thumb/v7e-m/fpv4-sp/hard/crtbegin.o
LOAD /opt/st/stm32cubeide_1.5.1/plugins/com.st.stm32cube.ide.mcu.externaltools.gnu-tools-for-stm32.7-2018-q2-update.linux64_1.5.0.202011040924/tools/bin/../lib/gcc/arm-none-eabi/7.3.1/../../../../arm-none-eabi/lib/thumb/v7e-m/fpv4-sp/hard/crt0.o
LOAD Core/Src/cracker.o
LOAD Core/Src/main.o
LOAD Core/Src/stm32f4xx_hal_msp.o
LOAD Core/Src/stm32f4xx_it.o
LOAD Core/Src/syscalls.o
LOAD Core/Src/sysmem.o
LOAD Core/Src/system_stm32f4xx.o
LOAD Core/Startup/startup_stm32f407vetx.o
LOAD Drivers/STM32F4xx_HAL_Driver/Src/stm32f4xx_hal.o
LOAD Drivers/STM32F4xx_HAL_Driver/Src/stm32f4xx_hal_cortex.o
LOAD Drivers/STM32F4xx_HAL_Driver/Src/stm32f4xx_hal_dma.o
LOAD Drivers/STM32F4xx_HAL_Driver/Src/stm32f4xx_hal_dma_ex.o
LOAD Drivers/STM32F4xx_HAL_Driver/Src/stm32f4xx_hal_exti.o
LOAD Drivers/STM32F4xx_HAL_Driver/Src/stm32f4xx_hal_flash.o
LOAD Drivers/STM32F4xx_HAL_Driver/Src/stm32f4xx_hal_flash_ex.o
LOAD Drivers/STM32F4xx_HAL_Driver/Src/stm32f4xx_hal_flash_ramfunc.o
LOAD Drivers/STM32F4xx_HAL_Driver/Src/stm32f4xx_hal_gpio.o
LOAD Drivers/STM32F4xx_HAL_Driver/Src/stm32f4xx_hal_pcd.o
LOAD Drivers/STM32F4xx_HAL_Driver/Src/stm32f4xx_hal_pcd_ex.o
LOAD Drivers/STM32F4xx_HAL_Driver/Src/stm32f4xx_hal_pwr.o
LOAD Drivers/STM32F4xx_HAL_Driver/Src/stm32f4xx_hal_pwr_ex.o
LOAD Drivers/STM32F4xx_HAL_Driver/Src/stm32f4xx_hal_rcc.o
LOAD Drivers/STM32F4xx_HAL_Driver/Src/stm32f4xx_hal_rcc_ex.o
LOAD Drivers/STM32F4xx_HAL_Driver/Src/stm32f4xx_hal_tim.o
LOAD Drivers/STM32F4xx_HAL_Driver/Src/stm32f4xx_hal_tim_ex.o
LOAD Drivers/STM32F4xx_HAL_Driver/Src/stm32f4xx_hal_uart.o
LOAD Drivers/STM32F4xx_HAL_Driver/Src/stm32f4xx_ll_usb.o
LOAD Middlewares/ST/STM32_USB_Device_Library/Class/CDC/Src/usbd_cdc.o
LOAD Middlewares/ST/STM32_USB_Device_Library/Core/Src/usbd_core.o
LOAD Middlewares/ST/STM32_USB_Device_Library/Core/Src/usbd_ctlreq.o
LOAD Middlewares/ST/STM32_USB_Device_Library/Core/Src/usbd_ioreq.o
LOAD USB_DEVICE/App/usb_device.o
LOAD USB_DEVICE/App/usbd_cdc_if.o
LOAD USB_DEVICE/App/usbd_desc.o
LOAD USB_DEVICE/Target/usbd_conf.o
START GROUP
LOAD /opt/st/stm32cubeide_1.5.1/plugins/com.st.stm32cube.ide.mcu.externaltools.gnu-tools-for-stm32.7-2018-q2-update.linux64_1.5.0.202011040924/tools/bin/../lib/gcc/arm-none-eabi/7.3.1/../../../../arm-none-eabi/lib/thumb/v7e-m/fpv4-sp/hard/libstdc++_nano.a
LOAD /opt/st/stm32cubeide_1.5.1/plugins/com.st.stm32cube.ide.mcu.externaltools.gnu-tools-for-stm32.7-2018-q2-update.linux64_1.5.0.202011040924/tools/bin/../lib/gcc/arm-none-eabi/7.3.1/../../../../arm-none-eabi/lib/thumb/v7e-m/fpv4-sp/hard/libsupc++_nano.a
END GROUP
LOAD /opt/st/stm32cubeide_1.5.1/plugins/com.st.stm32cube.ide.mcu.externaltools.gnu-tools-for-stm32.7-2018-q2-update.linux64_1.5.0.202011040924/tools/bin/../lib/gcc/arm-none-eabi/7.3.1/../../../../arm-none-eabi/lib/thumb/v7e-m/fpv4-sp/hard/libstdc++_nano.a
LOAD /opt/st/stm32cubeide_1.5.1/plugins/com.st.stm32cube.ide.mcu.externaltools.gnu-tools-for-stm32.7-2018-q2-update.linux64_1.5.0.202011040924/tools/bin/../lib/gcc/arm-none-eabi/7.3.1/../../../../arm-none-eabi/lib/thumb/v7e-m/fpv4-sp/hard/libm.a
LOAD /opt/st/stm32cubeide_1.5.1/plugins/com.st.stm32cube.ide.mcu.externaltools.gnu-tools-for-stm32.7-2018-q2-update.linux64_1.5.0.202011040924/tools/bin/../lib/gcc/arm-none-eabi/7.3.1/../../../../arm-none-eabi/lib/thumb/v7e-m/fpv4-sp/hard/libc_nano.a
START GROUP
LOAD /opt/st/stm32cubeide_1.5.1/plugins/com.st.stm32cube.ide.mcu.externaltools.gnu-tools-for-stm32.7-2018-q2-update.linux64_1.5.0.202011040924/tools/bin/../lib/gcc/arm-none-eabi/7.3.1/thumb/v7e-m/fpv4-sp/hard/libgcc.a
LOAD /opt/st/stm32cubeide_1.5.1/plugins/com.st.stm32cube.ide.mcu.externaltools.gnu-tools-for-stm32.7-2018-q2-update.linux64_1.5.0.202011040924/tools/bin/../lib/gcc/arm-none-eabi/7.3.1/../../../../arm-none-eabi/lib/thumb/v7e-m/fpv4-sp/hard/libc_nano.a
END GROUP
START GROUP
LOAD /opt/st/stm32cubeide_1.5.1/plugins/com.st.stm32cube.ide.mcu.externaltools.gnu-tools-for-stm32.7-2018-q2-update.linux64_1.5.0.202011040924/tools/bin/../lib/gcc/arm-none-eabi/7.3.1/thumb/v7e-m/fpv4-sp/hard/libgcc.a
LOAD /opt/st/stm32cubeide_1.5.1/plugins/com.st.stm32cube.ide.mcu.externaltools.gnu-tools-for-stm32.7-2018-q2-update.linux64_1.5.0.202011040924/tools/bin/../lib/gcc/arm-none-eabi/7.3.1/../../../../arm-none-eabi/lib/thumb/v7e-m/fpv4-sp/hard/libc_nano.a
LOAD /opt/st/stm32cubeide_1.5.1/plugins/com.st.stm32cube.ide.mcu.externaltools.gnu-tools-for-stm32.7-2018-q2-update.linux64_1.5.0.202011040924/tools/bin/../lib/gcc/arm-none-eabi/7.3.1/../../../../arm-none-eabi/lib/thumb/v7e-m/fpv4-sp/hard/libnosys.a
END GROUP
START GROUP
LOAD /opt/st/stm32cubeide_1.5.1/plugins/com.st.stm32cube.ide.mcu.externaltools.gnu-tools-for-stm32.7-2018-q2-update.linux64_1.5.0.202011040924/tools/bin/../lib/gcc/arm-none-eabi/7.3.1/thumb/v7e-m/fpv4-sp/hard/libgcc.a
LOAD /opt/st/stm32cubeide_1.5.1/plugins/com.st.stm32cube.ide.mcu.externaltools.gnu-tools-for-stm32.7-2018-q2-update.linux64_1.5.0.202011040924/tools/bin/../lib/gcc/arm-none-eabi/7.3.1/../../../../arm-none-eabi/lib/thumb/v7e-m/fpv4-sp/hard/libc_nano.a
LOAD /opt/st/stm32cubeide_1.5.1/plugins/com.st.stm32cube.ide.mcu.externaltools.gnu-tools-for-stm32.7-2018-q2-update.linux64_1.5.0.202011040924/tools/bin/../lib/gcc/arm-none-eabi/7.3.1/../../../../arm-none-eabi/lib/thumb/v7e-m/fpv4-sp/hard/libnosys.a
END GROUP
LOAD /opt/st/stm32cubeide_1.5.1/plugins/com.st.stm32cube.ide.mcu.externaltools.gnu-tools-for-stm32.7-2018-q2-update.linux64_1.5.0.202011040924/tools/bin/../lib/gcc/arm-none-eabi/7.3.1/thumb/v7e-m/fpv4-sp/hard/crtend.o
LOAD /opt/st/stm32cubeide_1.5.1/plugins/com.st.stm32cube.ide.mcu.externaltools.gnu-tools-for-stm32.7-2018-q2-update.linux64_1.5.0.202011040924/tools/bin/../lib/gcc/arm-none-eabi/7.3.1/thumb/v7e-m/fpv4-sp/hard/crtn.o
                0x0000000020020000                _estack = (ORIGIN (RAM) + LENGTH (RAM))
                0x0000000000000200                _Min_Heap_Size = 0x200
                0x0000000000000400                _Min_Stack_Size = 0x400

.isr_vector     0x0000000008000000      0x188
                0x0000000008000000                . = ALIGN (0x4)
 *(.isr_vector)
 .isr_vector    0x0000000008000000      0x188 Core/Startup/startup_stm32f407vetx.o
                0x0000000008000000                g_pfnVectors
                0x0000000008000188                . = ALIGN (0x4)

.text           0x0000000008000188     0x7db8
                0x0000000008000188                . = ALIGN (0x4)
 *(.text)
 .text          0x0000000008000188       0x40 /opt/st/stm32cubeide_1.5.1/plugins/com.st.stm32cube.ide.mcu.externaltools.gnu-tools-for-stm32.7-2018-q2-update.linux64_1.5.0.202011040924/tools/bin/../lib/gcc/arm-none-eabi/7.3.1/thumb/v7e-m/fpv4-sp/hard/crtbegin.o
 .text          0x00000000080001c8       0x30 /opt/st/stm32cubeide_1.5.1/plugins/com.st.stm32cube.ide.mcu.externaltools.gnu-tools-for-stm32.7-2018-q2-update.linux64_1.5.0.202011040924/tools/bin/../lib/gcc/arm-none-eabi/7.3.1/thumb/v7e-m/fpv4-sp/hard/libgcc.a(_aeabi_uldivmod.o)
                0x00000000080001c8                __aeabi_uldivmod
 .text          0x00000000080001f8      0x2cc /opt/st/stm32cubeide_1.5.1/plugins/com.st.stm32cube.ide.mcu.externaltools.gnu-tools-for-stm32.7-2018-q2-update.linux64_1.5.0.202011040924/tools/bin/../lib/gcc/arm-none-eabi/7.3.1/thumb/v7e-m/fpv4-sp/hard/libgcc.a(_udivmoddi4.o)
                0x00000000080001f8                __udivmoddi4
 .text          0x00000000080004c4        0x4 /opt/st/stm32cubeide_1.5.1/plugins/com.st.stm32cube.ide.mcu.externaltools.gnu-tools-for-stm32.7-2018-q2-update.linux64_1.5.0.202011040924/tools/bin/../lib/gcc/arm-none-eabi/7.3.1/thumb/v7e-m/fpv4-sp/hard/libgcc.a(_dvmd_tls.o)
                0x00000000080004c4                __aeabi_ldiv0
                0x00000000080004c4                __aeabi_idiv0
 *(.text*)
 .text.read_and_reset_timer
                0x00000000080004c8       0x44 Core/Src/cracker.o
                0x00000000080004c8                read_and_reset_timer
 .text.clean_rx_buffer
                0x000000000800050c       0x20 Core/Src/cracker.o
                0x000000000800050c                clean_rx_buffer
 .text.transmit_recieve_byte
                0x000000000800052c       0x68 Core/Src/cracker.o
                0x000000000800052c                transmit_recieve_byte
 .text.init_target_connection
                0x0000000008000594       0x8c Core/Src/cracker.o
                0x0000000008000594                init_target_connection
 .text.set_baudrate
                0x0000000008000620       0xd4 Core/Src/cracker.o
                0x0000000008000620                set_baudrate
 .text.target_reset
                0x00000000080006f4       0x4a Core/Src/cracker.o
                0x00000000080006f4                target_reset
 *fill*         0x000000000800073e        0x2 
 .text.send_one_key_byte
                0x0000000008000740       0xb4 Core/Src/cracker.o
                0x0000000008000740                send_one_key_byte
 .text.usb_uart_print
                0x00000000080007f4       0x24 Core/Src/main.o
                0x00000000080007f4                usb_uart_print
 .text.send_1byte
                0x0000000008000818       0xf0 Core/Src/main.o
                0x0000000008000818                send_1byte
 .text.main     0x0000000008000908      0x1c0 Core/Src/main.o
                0x0000000008000908                main
 .text.SystemClock_Config
                0x0000000008000ac8       0xd4 Core/Src/main.o
                0x0000000008000ac8                SystemClock_Config
 .text.MX_TIM2_Init
                0x0000000008000b9c       0x98 Core/Src/main.o
 .text.MX_USART1_UART_Init
                0x0000000008000c34       0x54 Core/Src/main.o
 .text.MX_GPIO_Init
                0x0000000008000c88      0x12c Core/Src/main.o
 .text.Error_Handler
                0x0000000008000db4        0x8 Core/Src/main.o
                0x0000000008000db4                Error_Handler
 .text.HAL_MspInit
                0x0000000008000dbc       0x50 Core/Src/stm32f4xx_hal_msp.o
                0x0000000008000dbc                HAL_MspInit
 .text.HAL_TIM_Base_MspInit
                0x0000000008000e0c       0x40 Core/Src/stm32f4xx_hal_msp.o
                0x0000000008000e0c                HAL_TIM_Base_MspInit
 .text.HAL_UART_MspInit
                0x0000000008000e4c       0x90 Core/Src/stm32f4xx_hal_msp.o
                0x0000000008000e4c                HAL_UART_MspInit
 .text.NMI_Handler
                0x0000000008000edc        0x6 Core/Src/stm32f4xx_it.o
                0x0000000008000edc                NMI_Handler
 .text.HardFault_Handler
                0x0000000008000ee2        0x6 Core/Src/stm32f4xx_it.o
                0x0000000008000ee2                HardFault_Handler
 .text.MemManage_Handler
                0x0000000008000ee8        0x6 Core/Src/stm32f4xx_it.o
                0x0000000008000ee8                MemManage_Handler
 .text.BusFault_Handler
                0x0000000008000eee        0x6 Core/Src/stm32f4xx_it.o
                0x0000000008000eee                BusFault_Handler
 .text.UsageFault_Handler
                0x0000000008000ef4        0x6 Core/Src/stm32f4xx_it.o
                0x0000000008000ef4                UsageFault_Handler
 .text.SVC_Handler
                0x0000000008000efa        0xe Core/Src/stm32f4xx_it.o
                0x0000000008000efa                SVC_Handler
 .text.DebugMon_Handler
                0x0000000008000f08        0xe Core/Src/stm32f4xx_it.o
                0x0000000008000f08                DebugMon_Handler
 .text.PendSV_Handler
                0x0000000008000f16        0xe Core/Src/stm32f4xx_it.o
                0x0000000008000f16                PendSV_Handler
 .text.SysTick_Handler
                0x0000000008000f24        0xc Core/Src/stm32f4xx_it.o
                0x0000000008000f24                SysTick_Handler
 .text.EXTI9_5_IRQHandler
                0x0000000008000f30       0x6c Core/Src/stm32f4xx_it.o
                0x0000000008000f30                EXTI9_5_IRQHandler
 .text.OTG_FS_IRQHandler
                0x0000000008000f9c       0x14 Core/Src/stm32f4xx_it.o
                0x0000000008000f9c                OTG_FS_IRQHandler
 .text._sbrk    0x0000000008000fb0       0x6c Core/Src/sysmem.o
                0x0000000008000fb0                _sbrk
 .text.SystemInit
                0x000000000800101c       0x2c Core/Src/system_stm32f4xx.o
                0x000000000800101c                SystemInit
 .text.Reset_Handler
                0x0000000008001048       0x50 Core/Startup/startup_stm32f407vetx.o
                0x0000000008001048                Reset_Handler
 .text.Default_Handler
                0x0000000008001098        0x2 Core/Startup/startup_stm32f407vetx.o
                0x0000000008001098                RTC_Alarm_IRQHandler
                0x0000000008001098                HASH_RNG_IRQHandler
                0x0000000008001098                EXTI2_IRQHandler
                0x0000000008001098                TIM8_CC_IRQHandler
                0x0000000008001098                TIM1_CC_IRQHandler
                0x0000000008001098                DMA2_Stream5_IRQHandler
                0x0000000008001098                DMA1_Stream5_IRQHandler
                0x0000000008001098                PVD_IRQHandler
                0x0000000008001098                SDIO_IRQHandler
                0x0000000008001098                TAMP_STAMP_IRQHandler
                0x0000000008001098                CAN2_RX1_IRQHandler
                0x0000000008001098                EXTI3_IRQHandler
                0x0000000008001098                TIM8_TRG_COM_TIM14_IRQHandler
                0x0000000008001098                TIM1_UP_TIM10_IRQHandler
                0x0000000008001098                TIM8_UP_TIM13_IRQHandler
                0x0000000008001098                I2C3_ER_IRQHandler
                0x0000000008001098                EXTI0_IRQHandler
                0x0000000008001098                I2C2_EV_IRQHandler
                0x0000000008001098                DMA1_Stream2_IRQHandler
                0x0000000008001098                CAN1_RX0_IRQHandler
                0x0000000008001098                FPU_IRQHandler
                0x0000000008001098                OTG_HS_WKUP_IRQHandler
                0x0000000008001098                CAN2_SCE_IRQHandler
                0x0000000008001098                DMA2_Stream2_IRQHandler
                0x0000000008001098                SPI1_IRQHandler
                0x0000000008001098                TIM6_DAC_IRQHandler
                0x0000000008001098                TIM1_BRK_TIM9_IRQHandler
                0x0000000008001098                DCMI_IRQHandler
                0x0000000008001098                CAN2_RX0_IRQHandler
                0x0000000008001098                DMA2_Stream3_IRQHandler
                0x0000000008001098                USART6_IRQHandler
                0x0000000008001098                USART3_IRQHandler
                0x0000000008001098                CAN1_RX1_IRQHandler
                0x0000000008001098                UART5_IRQHandler
                0x0000000008001098                DMA2_Stream0_IRQHandler
                0x0000000008001098                TIM4_IRQHandler
                0x0000000008001098                I2C1_EV_IRQHandler
                0x0000000008001098                DMA1_Stream6_IRQHandler
                0x0000000008001098                DMA1_Stream1_IRQHandler
                0x0000000008001098                UART4_IRQHandler
                0x0000000008001098                TIM3_IRQHandler
                0x0000000008001098                RCC_IRQHandler
                0x0000000008001098                TIM8_BRK_TIM12_IRQHandler
                0x0000000008001098                Default_Handler
                0x0000000008001098                EXTI15_10_IRQHandler
                0x0000000008001098                ADC_IRQHandler
                0x0000000008001098                DMA1_Stream7_IRQHandler
                0x0000000008001098                TIM7_IRQHandler
                0x0000000008001098                CAN2_TX_IRQHandler
                0x0000000008001098                TIM5_IRQHandler
                0x0000000008001098                DMA2_Stream7_IRQHandler
                0x0000000008001098                I2C3_EV_IRQHandler
                0x0000000008001098                RTC_WKUP_IRQHandler
                0x0000000008001098                ETH_WKUP_IRQHandler
                0x0000000008001098                SPI2_IRQHandler
                0x0000000008001098                OTG_HS_EP1_IN_IRQHandler
                0x0000000008001098                DMA1_Stream0_IRQHandler
                0x0000000008001098                CAN1_TX_IRQHandler
                0x0000000008001098                EXTI4_IRQHandler
                0x0000000008001098                FSMC_IRQHandler
                0x0000000008001098                ETH_IRQHandler
                0x0000000008001098                OTG_HS_EP1_OUT_IRQHandler
                0x0000000008001098                WWDG_IRQHandler
                0x0000000008001098                TIM2_IRQHandler
                0x0000000008001098                OTG_FS_WKUP_IRQHandler
                0x0000000008001098                TIM1_TRG_COM_TIM11_IRQHandler
                0x0000000008001098                OTG_HS_IRQHandler
                0x0000000008001098                EXTI1_IRQHandler
                0x0000000008001098                USART2_IRQHandler
                0x0000000008001098                I2C2_ER_IRQHandler
                0x0000000008001098                DMA2_Stream1_IRQHandler
                0x0000000008001098                CAN1_SCE_IRQHandler
                0x0000000008001098                FLASH_IRQHandler
                0x0000000008001098                DMA2_Stream4_IRQHandler
                0x0000000008001098                USART1_IRQHandler
                0x0000000008001098                SPI3_IRQHandler
                0x0000000008001098                DMA1_Stream4_IRQHandler
                0x0000000008001098                I2C1_ER_IRQHandler
                0x0000000008001098                DMA2_Stream6_IRQHandler
                0x0000000008001098                DMA1_Stream3_IRQHandler
 *fill*         0x000000000800109a        0x2 
 .text.HAL_Init
                0x000000000800109c       0x44 Drivers/STM32F4xx_HAL_Driver/Src/stm32f4xx_hal.o
                0x000000000800109c                HAL_Init
 .text.HAL_InitTick
                0x00000000080010e0       0x60 Drivers/STM32F4xx_HAL_Driver/Src/stm32f4xx_hal.o
                0x00000000080010e0                HAL_InitTick
 .text.HAL_IncTick
                0x0000000008001140       0x28 Drivers/STM32F4xx_HAL_Driver/Src/stm32f4xx_hal.o
                0x0000000008001140                HAL_IncTick
 .text.HAL_GetTick
                0x0000000008001168       0x18 Drivers/STM32F4xx_HAL_Driver/Src/stm32f4xx_hal.o
                0x0000000008001168                HAL_GetTick
 .text.HAL_Delay
                0x0000000008001180       0x44 Drivers/STM32F4xx_HAL_Driver/Src/stm32f4xx_hal.o
                0x0000000008001180                HAL_Delay
 .text.__NVIC_SetPriorityGrouping
                0x00000000080011c4       0x48 Drivers/STM32F4xx_HAL_Driver/Src/stm32f4xx_hal_cortex.o
 .text.__NVIC_GetPriorityGrouping
                0x000000000800120c       0x1c Drivers/STM32F4xx_HAL_Driver/Src/stm32f4xx_hal_cortex.o
 .text.__NVIC_EnableIRQ
                0x0000000008001228       0x3c Drivers/STM32F4xx_HAL_Driver/Src/stm32f4xx_hal_cortex.o
 .text.__NVIC_SetPriority
                0x0000000008001264       0x54 Drivers/STM32F4xx_HAL_Driver/Src/stm32f4xx_hal_cortex.o
 .text.NVIC_EncodePriority
                0x00000000080012b8       0x66 Drivers/STM32F4xx_HAL_Driver/Src/stm32f4xx_hal_cortex.o
 *fill*         0x000000000800131e        0x2 
 .text.SysTick_Config
                0x0000000008001320       0x44 Drivers/STM32F4xx_HAL_Driver/Src/stm32f4xx_hal_cortex.o
 .text.HAL_NVIC_SetPriorityGrouping
                0x0000000008001364       0x16 Drivers/STM32F4xx_HAL_Driver/Src/stm32f4xx_hal_cortex.o
                0x0000000008001364                HAL_NVIC_SetPriorityGrouping
 .text.HAL_NVIC_SetPriority
                0x000000000800137a       0x38 Drivers/STM32F4xx_HAL_Driver/Src/stm32f4xx_hal_cortex.o
                0x000000000800137a                HAL_NVIC_SetPriority
 .text.HAL_NVIC_EnableIRQ
                0x00000000080013b2       0x1c Drivers/STM32F4xx_HAL_Driver/Src/stm32f4xx_hal_cortex.o
                0x00000000080013b2                HAL_NVIC_EnableIRQ
 .text.HAL_SYSTICK_Config
                0x00000000080013ce       0x18 Drivers/STM32F4xx_HAL_Driver/Src/stm32f4xx_hal_cortex.o
                0x00000000080013ce                HAL_SYSTICK_Config
 *fill*         0x00000000080013e6        0x2 
 .text.HAL_GPIO_Init
                0x00000000080013e8      0x334 Drivers/STM32F4xx_HAL_Driver/Src/stm32f4xx_hal_gpio.o
                0x00000000080013e8                HAL_GPIO_Init
 .text.HAL_GPIO_ReadPin
                0x000000000800171c       0x30 Drivers/STM32F4xx_HAL_Driver/Src/stm32f4xx_hal_gpio.o
                0x000000000800171c                HAL_GPIO_ReadPin
 .text.HAL_GPIO_WritePin
                0x000000000800174c       0x32 Drivers/STM32F4xx_HAL_Driver/Src/stm32f4xx_hal_gpio.o
                0x000000000800174c                HAL_GPIO_WritePin
 *fill*         0x000000000800177e        0x2 
 .text.HAL_GPIO_EXTI_IRQHandler
                0x0000000008001780       0x30 Drivers/STM32F4xx_HAL_Driver/Src/stm32f4xx_hal_gpio.o
                0x0000000008001780                HAL_GPIO_EXTI_IRQHandler
 .text.HAL_GPIO_EXTI_Callback
                0x00000000080017b0       0x16 Drivers/STM32F4xx_HAL_Driver/Src/stm32f4xx_hal_gpio.o
                0x00000000080017b0                HAL_GPIO_EXTI_Callback
 .text.HAL_PCD_Init
                0x00000000080017c6      0x23a Drivers/STM32F4xx_HAL_Driver/Src/stm32f4xx_hal_pcd.o
                0x00000000080017c6                HAL_PCD_Init
 .text.HAL_PCD_Start
                0x0000000008001a00       0x66 Drivers/STM32F4xx_HAL_Driver/Src/stm32f4xx_hal_pcd.o
                0x0000000008001a00                HAL_PCD_Start
 .text.HAL_PCD_IRQHandler
                0x0000000008001a66      0x764 Drivers/STM32F4xx_HAL_Driver/Src/stm32f4xx_hal_pcd.o
                0x0000000008001a66                HAL_PCD_IRQHandler
 .text.HAL_PCD_SetAddress
                0x00000000080021ca       0x4a Drivers/STM32F4xx_HAL_Driver/Src/stm32f4xx_hal_pcd.o
                0x00000000080021ca                HAL_PCD_SetAddress
 .text.HAL_PCD_EP_Open
                0x0000000008002214       0xd0 Drivers/STM32F4xx_HAL_Driver/Src/stm32f4xx_hal_pcd.o
                0x0000000008002214                HAL_PCD_EP_Open
 .text.HAL_PCD_EP_Close
                0x00000000080022e4       0x94 Drivers/STM32F4xx_HAL_Driver/Src/stm32f4xx_hal_pcd.o
                0x00000000080022e4                HAL_PCD_EP_Close
 .text.HAL_PCD_EP_Receive
                0x0000000008002378       0x96 Drivers/STM32F4xx_HAL_Driver/Src/stm32f4xx_hal_pcd.o
                0x0000000008002378                HAL_PCD_EP_Receive
 .text.HAL_PCD_EP_GetRxCount
                0x000000000800240e       0x30 Drivers/STM32F4xx_HAL_Driver/Src/stm32f4xx_hal_pcd.o
                0x000000000800240e                HAL_PCD_EP_GetRxCount
 .text.HAL_PCD_EP_Transmit
                0x000000000800243e       0x94 Drivers/STM32F4xx_HAL_Driver/Src/stm32f4xx_hal_pcd.o
                0x000000000800243e                HAL_PCD_EP_Transmit
 .text.HAL_PCD_EP_SetStall
                0x00000000080024d2       0xc8 Drivers/STM32F4xx_HAL_Driver/Src/stm32f4xx_hal_pcd.o
                0x00000000080024d2                HAL_PCD_EP_SetStall
 .text.HAL_PCD_EP_ClrStall
                0x000000000800259a       0xac Drivers/STM32F4xx_HAL_Driver/Src/stm32f4xx_hal_pcd.o
                0x000000000800259a                HAL_PCD_EP_ClrStall
 .text.PCD_WriteEmptyTxFifo
                0x0000000008002646      0x11a Drivers/STM32F4xx_HAL_Driver/Src/stm32f4xx_hal_pcd.o
 .text.PCD_EP_OutXfrComplete_int
                0x0000000008002760      0x218 Drivers/STM32F4xx_HAL_Driver/Src/stm32f4xx_hal_pcd.o
 .text.PCD_EP_OutSetupPacket_int
                0x0000000008002978       0x8c Drivers/STM32F4xx_HAL_Driver/Src/stm32f4xx_hal_pcd.o
 .text.HAL_PCDEx_SetTxFiFo
                0x0000000008002a04       0x8e Drivers/STM32F4xx_HAL_Driver/Src/stm32f4xx_hal_pcd_ex.o
                0x0000000008002a04                HAL_PCDEx_SetTxFiFo
 .text.HAL_PCDEx_SetRxFiFo
                0x0000000008002a92       0x22 Drivers/STM32F4xx_HAL_Driver/Src/stm32f4xx_hal_pcd_ex.o
                0x0000000008002a92                HAL_PCDEx_SetRxFiFo
 .text.HAL_PCDEx_LPM_Callback
                0x0000000008002ab4       0x18 Drivers/STM32F4xx_HAL_Driver/Src/stm32f4xx_hal_pcd_ex.o
                0x0000000008002ab4                HAL_PCDEx_LPM_Callback
 .text.HAL_RCC_OscConfig
                0x0000000008002acc      0x4e0 Drivers/STM32F4xx_HAL_Driver/Src/stm32f4xx_hal_rcc.o
                0x0000000008002acc                HAL_RCC_OscConfig
 .text.HAL_RCC_ClockConfig
                0x0000000008002fac      0x1cc Drivers/STM32F4xx_HAL_Driver/Src/stm32f4xx_hal_rcc.o
                0x0000000008002fac                HAL_RCC_ClockConfig
 .text.HAL_RCC_GetSysClockFreq
                0x0000000008003178      0x1b0 Drivers/STM32F4xx_HAL_Driver/Src/stm32f4xx_hal_rcc.o
                0x0000000008003178                HAL_RCC_GetSysClockFreq
 .text.HAL_RCC_GetHCLKFreq
                0x0000000008003328       0x18 Drivers/STM32F4xx_HAL_Driver/Src/stm32f4xx_hal_rcc.o
                0x0000000008003328                HAL_RCC_GetHCLKFreq
 .text.HAL_RCC_GetPCLK1Freq
                0x0000000008003340       0x28 Drivers/STM32F4xx_HAL_Driver/Src/stm32f4xx_hal_rcc.o
                0x0000000008003340                HAL_RCC_GetPCLK1Freq
 .text.HAL_RCC_GetPCLK2Freq
                0x0000000008003368       0x28 Drivers/STM32F4xx_HAL_Driver/Src/stm32f4xx_hal_rcc.o
                0x0000000008003368                HAL_RCC_GetPCLK2Freq
 .text.HAL_TIM_Base_Init
                0x0000000008003390       0x56 Drivers/STM32F4xx_HAL_Driver/Src/stm32f4xx_hal_tim.o
                0x0000000008003390                HAL_TIM_Base_Init
 .text.HAL_TIM_Base_Start
                0x00000000080033e6       0x48 Drivers/STM32F4xx_HAL_Driver/Src/stm32f4xx_hal_tim.o
                0x00000000080033e6                HAL_TIM_Base_Start
 .text.HAL_TIM_Base_Stop
                0x000000000800342e       0x56 Drivers/STM32F4xx_HAL_Driver/Src/stm32f4xx_hal_tim.o
                0x000000000800342e                HAL_TIM_Base_Stop
 .text.HAL_TIM_ConfigClockSource
                0x0000000008003484      0x16e Drivers/STM32F4xx_HAL_Driver/Src/stm32f4xx_hal_tim.o
                0x0000000008003484                HAL_TIM_ConfigClockSource
 *fill*         0x00000000080035f2        0x2 
 .text.TIM_Base_SetConfig
                0x00000000080035f4      0x140 Drivers/STM32F4xx_HAL_Driver/Src/stm32f4xx_hal_tim.o
                0x00000000080035f4                TIM_Base_SetConfig
 .text.TIM_TI1_ConfigInputStage
                0x0000000008003734       0x5e Drivers/STM32F4xx_HAL_Driver/Src/stm32f4xx_hal_tim.o
 .text.TIM_TI2_ConfigInputStage
                0x0000000008003792       0x60 Drivers/STM32F4xx_HAL_Driver/Src/stm32f4xx_hal_tim.o
 .text.TIM_ITRx_SetConfig
                0x00000000080037f2       0x36 Drivers/STM32F4xx_HAL_Driver/Src/stm32f4xx_hal_tim.o
 .text.TIM_ETR_SetConfig
                0x0000000008003828       0x40 Drivers/STM32F4xx_HAL_Driver/Src/stm32f4xx_hal_tim.o
                0x0000000008003828                TIM_ETR_SetConfig
 .text.HAL_TIMEx_MasterConfigSynchronization
                0x0000000008003868       0xf8 Drivers/STM32F4xx_HAL_Driver/Src/stm32f4xx_hal_tim_ex.o
                0x0000000008003868                HAL_TIMEx_MasterConfigSynchronization
 .text.HAL_UART_Init
                0x0000000008003960       0x9a Drivers/STM32F4xx_HAL_Driver/Src/stm32f4xx_hal_uart.o
                0x0000000008003960                HAL_UART_Init
 .text.HAL_UART_Transmit
                0x00000000080039fa      0x132 Drivers/STM32F4xx_HAL_Driver/Src/stm32f4xx_hal_uart.o
                0x00000000080039fa                HAL_UART_Transmit
 .text.HAL_UART_Receive
                0x0000000008003b2c      0x14c Drivers/STM32F4xx_HAL_Driver/Src/stm32f4xx_hal_uart.o
                0x0000000008003b2c                HAL_UART_Receive
 .text.UART_WaitOnFlagUntilTimeout
                0x0000000008003c78       0x94 Drivers/STM32F4xx_HAL_Driver/Src/stm32f4xx_hal_uart.o
 .text.UART_SetConfig
                0x0000000008003d0c      0x6f8 Drivers/STM32F4xx_HAL_Driver/Src/stm32f4xx_hal_uart.o
 .text.USB_CoreInit
                0x0000000008004404       0xc2 Drivers/STM32F4xx_HAL_Driver/Src/stm32f4xx_ll_usb.o
                0x0000000008004404                USB_CoreInit
 *fill*         0x00000000080044c6        0x2 
 .text.USB_SetTurnaroundTime
                0x00000000080044c8      0x144 Drivers/STM32F4xx_HAL_Driver/Src/stm32f4xx_ll_usb.o
                0x00000000080044c8                USB_SetTurnaroundTime
 .text.USB_EnableGlobalInt
                0x000000000800460c       0x22 Drivers/STM32F4xx_HAL_Driver/Src/stm32f4xx_ll_usb.o
                0x000000000800460c                USB_EnableGlobalInt
 .text.USB_DisableGlobalInt
                0x000000000800462e       0x22 Drivers/STM32F4xx_HAL_Driver/Src/stm32f4xx_ll_usb.o
                0x000000000800462e                USB_DisableGlobalInt
 .text.USB_SetCurrentMode
                0x0000000008004650       0x54 Drivers/STM32F4xx_HAL_Driver/Src/stm32f4xx_ll_usb.o
                0x0000000008004650                USB_SetCurrentMode
 .text.USB_DevInit
                0x00000000080046a4      0x2c8 Drivers/STM32F4xx_HAL_Driver/Src/stm32f4xx_ll_usb.o
                0x00000000080046a4                USB_DevInit
 .text.USB_FlushTxFifo
                0x000000000800496c       0x4c Drivers/STM32F4xx_HAL_Driver/Src/stm32f4xx_ll_usb.o
                0x000000000800496c                USB_FlushTxFifo
 .text.USB_FlushRxFifo
                0x00000000080049b8       0x44 Drivers/STM32F4xx_HAL_Driver/Src/stm32f4xx_ll_usb.o
                0x00000000080049b8                USB_FlushRxFifo
 .text.USB_SetDevSpeed
                0x00000000080049fc       0x32 Drivers/STM32F4xx_HAL_Driver/Src/stm32f4xx_ll_usb.o
                0x00000000080049fc                USB_SetDevSpeed
 .text.USB_GetDevSpeed
                0x0000000008004a2e       0x4a Drivers/STM32F4xx_HAL_Driver/Src/stm32f4xx_ll_usb.o
                0x0000000008004a2e                USB_GetDevSpeed
 .text.USB_ActivateEndpoint
                0x0000000008004a78      0x10e Drivers/STM32F4xx_HAL_Driver/Src/stm32f4xx_ll_usb.o
                0x0000000008004a78                USB_ActivateEndpoint
 *fill*         0x0000000008004b86        0x2 
 .text.USB_DeactivateEndpoint
                0x0000000008004b88      0x1b8 Drivers/STM32F4xx_HAL_Driver/Src/stm32f4xx_ll_usb.o
                0x0000000008004b88                USB_DeactivateEndpoint
 .text.USB_EPStartXfer
                0x0000000008004d40      0x488 Drivers/STM32F4xx_HAL_Driver/Src/stm32f4xx_ll_usb.o
                0x0000000008004d40                USB_EPStartXfer
 .text.USB_EP0StartXfer
                0x00000000080051c8      0x2a6 Drivers/STM32F4xx_HAL_Driver/Src/stm32f4xx_ll_usb.o
                0x00000000080051c8                USB_EP0StartXfer
 .text.USB_WritePacket
                0x000000000800546e       0x6a Drivers/STM32F4xx_HAL_Driver/Src/stm32f4xx_ll_usb.o
                0x000000000800546e                USB_WritePacket
 .text.USB_ReadPacket
                0x00000000080054d8       0x52 Drivers/STM32F4xx_HAL_Driver/Src/stm32f4xx_ll_usb.o
                0x00000000080054d8                USB_ReadPacket
 .text.USB_EPSetStall
                0x000000000800552a       0xdc Drivers/STM32F4xx_HAL_Driver/Src/stm32f4xx_ll_usb.o
                0x000000000800552a                USB_EPSetStall
 .text.USB_EPClearStall
                0x0000000008005606       0xcc Drivers/STM32F4xx_HAL_Driver/Src/stm32f4xx_ll_usb.o
                0x0000000008005606                USB_EPClearStall
 .text.USB_SetDevAddress
                0x00000000080056d2       0x4c Drivers/STM32F4xx_HAL_Driver/Src/stm32f4xx_ll_usb.o
                0x00000000080056d2                USB_SetDevAddress
 .text.USB_DevConnect
                0x000000000800571e       0x42 Drivers/STM32F4xx_HAL_Driver/Src/stm32f4xx_ll_usb.o
                0x000000000800571e                USB_DevConnect
 .text.USB_DevDisconnect
                0x0000000008005760       0x42 Drivers/STM32F4xx_HAL_Driver/Src/stm32f4xx_ll_usb.o
                0x0000000008005760                USB_DevDisconnect
 .text.USB_ReadInterrupts
                0x00000000080057a2       0x26 Drivers/STM32F4xx_HAL_Driver/Src/stm32f4xx_ll_usb.o
                0x00000000080057a2                USB_ReadInterrupts
 .text.USB_ReadDevAllOutEpInterrupt
                0x00000000080057c8       0x34 Drivers/STM32F4xx_HAL_Driver/Src/stm32f4xx_ll_usb.o
                0x00000000080057c8                USB_ReadDevAllOutEpInterrupt
 .text.USB_ReadDevAllInEpInterrupt
                0x00000000080057fc       0x34 Drivers/STM32F4xx_HAL_Driver/Src/stm32f4xx_ll_usb.o
                0x00000000080057fc                USB_ReadDevAllInEpInterrupt
 .text.USB_ReadDevOutEPInterrupt
                0x0000000008005830       0x3c Drivers/STM32F4xx_HAL_Driver/Src/stm32f4xx_ll_usb.o
                0x0000000008005830                USB_ReadDevOutEPInterrupt
 .text.USB_ReadDevInEPInterrupt
                0x000000000800586c       0x5c Drivers/STM32F4xx_HAL_Driver/Src/stm32f4xx_ll_usb.o
                0x000000000800586c                USB_ReadDevInEPInterrupt
 .text.USB_GetMode
                0x00000000080058c8       0x1c Drivers/STM32F4xx_HAL_Driver/Src/stm32f4xx_ll_usb.o
                0x00000000080058c8                USB_GetMode
 .text.USB_ActivateSetup
                0x00000000080058e4       0x46 Drivers/STM32F4xx_HAL_Driver/Src/stm32f4xx_ll_usb.o
                0x00000000080058e4                USB_ActivateSetup
 *fill*         0x000000000800592a        0x2 
 .text.USB_EP0_OutStart
                0x000000000800592c       0xbc Drivers/STM32F4xx_HAL_Driver/Src/stm32f4xx_ll_usb.o
                0x000000000800592c                USB_EP0_OutStart
 .text.USB_CoreReset
                0x00000000080059e8       0x68 Drivers/STM32F4xx_HAL_Driver/Src/stm32f4xx_ll_usb.o
 .text.USBD_CDC_Init
                0x0000000008005a50      0x100 Middlewares/ST/STM32_USB_Device_Library/Class/CDC/Src/usbd_cdc.o
 .text.USBD_CDC_DeInit
                0x0000000008005b50       0x78 Middlewares/ST/STM32_USB_Device_Library/Class/CDC/Src/usbd_cdc.o
 .text.USBD_CDC_Setup
                0x0000000008005bc8      0x178 Middlewares/ST/STM32_USB_Device_Library/Class/CDC/Src/usbd_cdc.o
 .text.USBD_CDC_DataIn
                0x0000000008005d40       0xbe Middlewares/ST/STM32_USB_Device_Library/Class/CDC/Src/usbd_cdc.o
 .text.USBD_CDC_DataOut
                0x0000000008005dfe       0x56 Middlewares/ST/STM32_USB_Device_Library/Class/CDC/Src/usbd_cdc.o
 .text.USBD_CDC_EP0_RxReady
                0x0000000008005e54       0x50 Middlewares/ST/STM32_USB_Device_Library/Class/CDC/Src/usbd_cdc.o
 .text.USBD_CDC_GetFSCfgDesc
                0x0000000008005ea4       0x20 Middlewares/ST/STM32_USB_Device_Library/Class/CDC/Src/usbd_cdc.o
 .text.USBD_CDC_GetHSCfgDesc
                0x0000000008005ec4       0x20 Middlewares/ST/STM32_USB_Device_Library/Class/CDC/Src/usbd_cdc.o
 .text.USBD_CDC_GetOtherSpeedCfgDesc
                0x0000000008005ee4       0x20 Middlewares/ST/STM32_USB_Device_Library/Class/CDC/Src/usbd_cdc.o
 .text.USBD_CDC_GetDeviceQualifierDescriptor
                0x0000000008005f04       0x20 Middlewares/ST/STM32_USB_Device_Library/Class/CDC/Src/usbd_cdc.o
                0x0000000008005f04                USBD_CDC_GetDeviceQualifierDescriptor
 .text.USBD_CDC_RegisterInterface
                0x0000000008005f24       0x2a Middlewares/ST/STM32_USB_Device_Library/Class/CDC/Src/usbd_cdc.o
                0x0000000008005f24                USBD_CDC_RegisterInterface
 .text.USBD_CDC_SetTxBuffer
                0x0000000008005f4e       0x32 Middlewares/ST/STM32_USB_Device_Library/Class/CDC/Src/usbd_cdc.o
                0x0000000008005f4e                USBD_CDC_SetTxBuffer
 .text.USBD_CDC_SetRxBuffer
                0x0000000008005f80       0x28 Middlewares/ST/STM32_USB_Device_Library/Class/CDC/Src/usbd_cdc.o
                0x0000000008005f80                USBD_CDC_SetRxBuffer
 .text.USBD_CDC_TransmitPacket
                0x0000000008005fa8       0x60 Middlewares/ST/STM32_USB_Device_Library/Class/CDC/Src/usbd_cdc.o
                0x0000000008005fa8                USBD_CDC_TransmitPacket
 .text.USBD_CDC_ReceivePacket
                0x0000000008006008       0x54 Middlewares/ST/STM32_USB_Device_Library/Class/CDC/Src/usbd_cdc.o
                0x0000000008006008                USBD_CDC_ReceivePacket
 .text.USBD_Init
                0x000000000800605c       0x6c Middlewares/ST/STM32_USB_Device_Library/Core/Src/usbd_core.o
                0x000000000800605c                USBD_Init
 .text.USBD_RegisterClass
                0x00000000080060c8       0x42 Middlewares/ST/STM32_USB_Device_Library/Core/Src/usbd_core.o
                0x00000000080060c8                USBD_RegisterClass
 .text.USBD_Start
                0x000000000800610a       0x18 Middlewares/ST/STM32_USB_Device_Library/Core/Src/usbd_core.o
                0x000000000800610a                USBD_Start
 .text.USBD_RunTestMode
                0x0000000008006122       0x16 Middlewares/ST/STM32_USB_Device_Library/Core/Src/usbd_core.o
                0x0000000008006122                USBD_RunTestMode
 .text.USBD_SetClassConfig
                0x0000000008006138       0x38 Middlewares/ST/STM32_USB_Device_Library/Core/Src/usbd_core.o
                0x0000000008006138                USBD_SetClassConfig
 .text.USBD_ClrClassConfig
                0x0000000008006170       0x30 Middlewares/ST/STM32_USB_Device_Library/Core/Src/usbd_core.o
                0x0000000008006170                USBD_ClrClassConfig
 .text.USBD_LL_SetupStage
                0x00000000080061a0       0xa6 Middlewares/ST/STM32_USB_Device_Library/Core/Src/usbd_core.o
                0x00000000080061a0                USBD_LL_SetupStage
 .text.USBD_LL_DataOutStage
                0x0000000008006246       0xc6 Middlewares/ST/STM32_USB_Device_Library/Core/Src/usbd_core.o
                0x0000000008006246                USBD_LL_DataOutStage
 .text.USBD_LL_DataInStage
                0x000000000800630c      0x12c Middlewares/ST/STM32_USB_Device_Library/Core/Src/usbd_core.o
                0x000000000800630c                USBD_LL_DataInStage
 .text.USBD_LL_Reset
                0x0000000008006438       0x82 Middlewares/ST/STM32_USB_Device_Library/Core/Src/usbd_core.o
                0x0000000008006438                USBD_LL_Reset
 .text.USBD_LL_SetSpeed
                0x00000000080064ba       0x20 Middlewares/ST/STM32_USB_Device_Library/Core/Src/usbd_core.o
                0x00000000080064ba                USBD_LL_SetSpeed
 .text.USBD_LL_Suspend
                0x00000000080064da       0x2a Middlewares/ST/STM32_USB_Device_Library/Core/Src/usbd_core.o
                0x00000000080064da                USBD_LL_Suspend
 .text.USBD_LL_Resume
                0x0000000008006504       0x2c Middlewares/ST/STM32_USB_Device_Library/Core/Src/usbd_core.o
                0x0000000008006504                USBD_LL_Resume
 .text.USBD_LL_SOF
                0x0000000008006530       0x34 Middlewares/ST/STM32_USB_Device_Library/Core/Src/usbd_core.o
                0x0000000008006530                USBD_LL_SOF
 .text.USBD_LL_IsoINIncomplete
                0x0000000008006564       0x1a Middlewares/ST/STM32_USB_Device_Library/Core/Src/usbd_core.o
                0x0000000008006564                USBD_LL_IsoINIncomplete
 .text.USBD_LL_IsoOUTIncomplete
                0x000000000800657e       0x1a Middlewares/ST/STM32_USB_Device_Library/Core/Src/usbd_core.o
                0x000000000800657e                USBD_LL_IsoOUTIncomplete
 .text.USBD_LL_DevConnected
                0x0000000008006598       0x16 Middlewares/ST/STM32_USB_Device_Library/Core/Src/usbd_core.o
                0x0000000008006598                USBD_LL_DevConnected
 .text.USBD_LL_DevDisconnected
                0x00000000080065ae       0x38 Middlewares/ST/STM32_USB_Device_Library/Core/Src/usbd_core.o
                0x00000000080065ae                USBD_LL_DevDisconnected
 .text.SWAPBYTE
                0x00000000080065e6       0x3c Middlewares/ST/STM32_USB_Device_Library/Core/Src/usbd_ctlreq.o
 *fill*         0x0000000008006622        0x2 
 .text.USBD_StdDevReq
                0x0000000008006624       0xdc Middlewares/ST/STM32_USB_Device_Library/Core/Src/usbd_ctlreq.o
                0x0000000008006624                USBD_StdDevReq
 .text.USBD_StdItfReq
                0x0000000008006700       0x8c Middlewares/ST/STM32_USB_Device_Library/Core/Src/usbd_ctlreq.o
                0x0000000008006700                USBD_StdItfReq
 .text.USBD_StdEPReq
                0x000000000800678c      0x2aa Middlewares/ST/STM32_USB_Device_Library/Core/Src/usbd_ctlreq.o
                0x000000000800678c                USBD_StdEPReq
 *fill*         0x0000000008006a36        0x2 
 .text.USBD_GetDescriptor
                0x0000000008006a38      0x2d4 Middlewares/ST/STM32_USB_Device_Library/Core/Src/usbd_ctlreq.o
 .text.USBD_SetAddress
                0x0000000008006d0c       0x84 Middlewares/ST/STM32_USB_Device_Library/Core/Src/usbd_ctlreq.o
 .text.USBD_SetConfig
                0x0000000008006d90      0x148 Middlewares/ST/STM32_USB_Device_Library/Core/Src/usbd_ctlreq.o
 .text.USBD_GetConfig
                0x0000000008006ed8       0x68 Middlewares/ST/STM32_USB_Device_Library/Core/Src/usbd_ctlreq.o
 .text.USBD_GetStatus
                0x0000000008006f40       0x66 Middlewares/ST/STM32_USB_Device_Library/Core/Src/usbd_ctlreq.o
 .text.USBD_SetFeature
                0x0000000008006fa6       0x28 Middlewares/ST/STM32_USB_Device_Library/Core/Src/usbd_ctlreq.o
 .text.USBD_ClrFeature
                0x0000000008006fce       0x42 Middlewares/ST/STM32_USB_Device_Library/Core/Src/usbd_ctlreq.o
 .text.USBD_ParseSetupRequest
                0x0000000008007010       0x74 Middlewares/ST/STM32_USB_Device_Library/Core/Src/usbd_ctlreq.o
                0x0000000008007010                USBD_ParseSetupRequest
 .text.USBD_CtlError
                0x0000000008007084       0x22 Middlewares/ST/STM32_USB_Device_Library/Core/Src/usbd_ctlreq.o
                0x0000000008007084                USBD_CtlError
 .text.USBD_GetString
                0x00000000080070a6       0x8c Middlewares/ST/STM32_USB_Device_Library/Core/Src/usbd_ctlreq.o
                0x00000000080070a6                USBD_GetString
 .text.USBD_GetLen
                0x0000000008007132       0x34 Middlewares/ST/STM32_USB_Device_Library/Core/Src/usbd_ctlreq.o
 .text.USBD_CtlSendData
                0x0000000008007166       0x36 Middlewares/ST/STM32_USB_Device_Library/Core/Src/usbd_ioreq.o
                0x0000000008007166                USBD_CtlSendData
 .text.USBD_CtlContinueSendData
                0x000000000800719c       0x22 Middlewares/ST/STM32_USB_Device_Library/Core/Src/usbd_ioreq.o
                0x000000000800719c                USBD_CtlContinueSendData
 .text.USBD_CtlPrepareRx
                0x00000000080071be       0x3a Middlewares/ST/STM32_USB_Device_Library/Core/Src/usbd_ioreq.o
                0x00000000080071be                USBD_CtlPrepareRx
 .text.USBD_CtlContinueRx
                0x00000000080071f8       0x22 Middlewares/ST/STM32_USB_Device_Library/Core/Src/usbd_ioreq.o
                0x00000000080071f8                USBD_CtlContinueRx
 .text.USBD_CtlSendStatus
                0x000000000800721a       0x26 Middlewares/ST/STM32_USB_Device_Library/Core/Src/usbd_ioreq.o
                0x000000000800721a                USBD_CtlSendStatus
 .text.USBD_CtlReceiveStatus
                0x0000000008007240       0x26 Middlewares/ST/STM32_USB_Device_Library/Core/Src/usbd_ioreq.o
                0x0000000008007240                USBD_CtlReceiveStatus
 *fill*         0x0000000008007266        0x2 
 .text.MX_USB_DEVICE_Init
                0x0000000008007268       0x60 USB_DEVICE/App/usb_device.o
                0x0000000008007268                MX_USB_DEVICE_Init
 .text.CDC_Init_FS
                0x00000000080072c8       0x28 USB_DEVICE/App/usbd_cdc_if.o
 .text.CDC_DeInit_FS
                0x00000000080072f0       0x10 USB_DEVICE/App/usbd_cdc_if.o
 .text.CDC_Control_FS
                0x0000000008007300       0xbc USB_DEVICE/App/usbd_cdc_if.o
 .text.CDC_Receive_FS
                0x00000000080073bc       0x28 USB_DEVICE/App/usbd_cdc_if.o
 .text.CDC_Transmit_FS
                0x00000000080073e4       0x4c USB_DEVICE/App/usbd_cdc_if.o
                0x00000000080073e4                CDC_Transmit_FS
 .text.CDC_TransmitCplt_FS
                0x0000000008007430       0x22 USB_DEVICE/App/usbd_cdc_if.o
 *fill*         0x0000000008007452        0x2 
 .text.USBD_FS_DeviceDescriptor
                0x0000000008007454       0x24 USB_DEVICE/App/usbd_desc.o
                0x0000000008007454                USBD_FS_DeviceDescriptor
 .text.USBD_FS_LangIDStrDescriptor
                0x0000000008007478       0x24 USB_DEVICE/App/usbd_desc.o
                0x0000000008007478                USBD_FS_LangIDStrDescriptor
 .text.USBD_FS_ProductStrDescriptor
                0x000000000800749c       0x3c USB_DEVICE/App/usbd_desc.o
                0x000000000800749c                USBD_FS_ProductStrDescriptor
 .text.USBD_FS_ManufacturerStrDescriptor
                0x00000000080074d8       0x28 USB_DEVICE/App/usbd_desc.o
                0x00000000080074d8                USBD_FS_ManufacturerStrDescriptor
 .text.USBD_FS_SerialStrDescriptor
                0x0000000008007500       0x24 USB_DEVICE/App/usbd_desc.o
                0x0000000008007500                USBD_FS_SerialStrDescriptor
 .text.USBD_FS_ConfigStrDescriptor
                0x0000000008007524       0x3c USB_DEVICE/App/usbd_desc.o
                0x0000000008007524                USBD_FS_ConfigStrDescriptor
 .text.USBD_FS_InterfaceStrDescriptor
                0x0000000008007560       0x3c USB_DEVICE/App/usbd_desc.o
                0x0000000008007560                USBD_FS_InterfaceStrDescriptor
 .text.Get_SerialNum
                0x000000000800759c       0x58 USB_DEVICE/App/usbd_desc.o
 .text.IntToUnicode
                0x00000000080075f4       0x7c USB_DEVICE/App/usbd_desc.o
 .text.HAL_PCD_MspInit
                0x0000000008007670       0xa8 USB_DEVICE/Target/usbd_conf.o
                0x0000000008007670                HAL_PCD_MspInit
 .text.HAL_PCD_SetupStageCallback
                0x0000000008007718       0x24 USB_DEVICE/Target/usbd_conf.o
                0x0000000008007718                HAL_PCD_SetupStageCallback
 .text.HAL_PCD_DataOutStageCallback
                0x000000000800773c       0x36 USB_DEVICE/Target/usbd_conf.o
                0x000000000800773c                HAL_PCD_DataOutStageCallback
 .text.HAL_PCD_DataInStageCallback
                0x0000000008007772       0x34 USB_DEVICE/Target/usbd_conf.o
                0x0000000008007772                HAL_PCD_DataInStageCallback
 .text.HAL_PCD_SOFCallback
                0x00000000080077a6       0x1c USB_DEVICE/Target/usbd_conf.o
                0x00000000080077a6                HAL_PCD_SOFCallback
 .text.HAL_PCD_ResetCallback
                0x00000000080077c2       0x50 USB_DEVICE/Target/usbd_conf.o
                0x00000000080077c2                HAL_PCD_ResetCallback
 *fill*         0x0000000008007812        0x2 
 .text.HAL_PCD_SuspendCallback
                0x0000000008007814       0x4c USB_DEVICE/Target/usbd_conf.o
                0x0000000008007814                HAL_PCD_SuspendCallback
 .text.HAL_PCD_ResumeCallback
                0x0000000008007860       0x1c USB_DEVICE/Target/usbd_conf.o
                0x0000000008007860                HAL_PCD_ResumeCallback
 .text.HAL_PCD_ISOOUTIncompleteCallback
                0x000000000800787c       0x24 USB_DEVICE/Target/usbd_conf.o
                0x000000000800787c                HAL_PCD_ISOOUTIncompleteCallback
 .text.HAL_PCD_ISOINIncompleteCallback
                0x00000000080078a0       0x24 USB_DEVICE/Target/usbd_conf.o
                0x00000000080078a0                HAL_PCD_ISOINIncompleteCallback
 .text.HAL_PCD_ConnectCallback
                0x00000000080078c4       0x1c USB_DEVICE/Target/usbd_conf.o
                0x00000000080078c4                HAL_PCD_ConnectCallback
 .text.HAL_PCD_DisconnectCallback
                0x00000000080078e0       0x1c USB_DEVICE/Target/usbd_conf.o
                0x00000000080078e0                HAL_PCD_DisconnectCallback
 .text.USBD_LL_Init
                0x00000000080078fc       0x98 USB_DEVICE/Target/usbd_conf.o
                0x00000000080078fc                USBD_LL_Init
 .text.USBD_LL_Start
                0x0000000008007994       0x36 USB_DEVICE/Target/usbd_conf.o
                0x0000000008007994                USBD_LL_Start
 .text.USBD_LL_OpenEP
                0x00000000080079ca       0x4c USB_DEVICE/Target/usbd_conf.o
                0x00000000080079ca                USBD_LL_OpenEP
 .text.USBD_LL_CloseEP
                0x0000000008007a16       0x3e USB_DEVICE/Target/usbd_conf.o
                0x0000000008007a16                USBD_LL_CloseEP
 .text.USBD_LL_StallEP
                0x0000000008007a54       0x3e USB_DEVICE/Target/usbd_conf.o
                0x0000000008007a54                USBD_LL_StallEP
 .text.USBD_LL_ClearStallEP
                0x0000000008007a92       0x3e USB_DEVICE/Target/usbd_conf.o
                0x0000000008007a92                USBD_LL_ClearStallEP
 .text.USBD_LL_IsStallEP
                0x0000000008007ad0       0x58 USB_DEVICE/Target/usbd_conf.o
                0x0000000008007ad0                USBD_LL_IsStallEP
 .text.USBD_LL_SetUSBAddress
                0x0000000008007b28       0x3e USB_DEVICE/Target/usbd_conf.o
                0x0000000008007b28                USBD_LL_SetUSBAddress
 .text.USBD_LL_Transmit
                0x0000000008007b66       0x42 USB_DEVICE/Target/usbd_conf.o
                0x0000000008007b66                USBD_LL_Transmit
 .text.USBD_LL_PrepareReceive
                0x0000000008007ba8       0x42 USB_DEVICE/Target/usbd_conf.o
                0x0000000008007ba8                USBD_LL_PrepareReceive
 .text.USBD_LL_GetRxDataSize
                0x0000000008007bea       0x26 USB_DEVICE/Target/usbd_conf.o
                0x0000000008007bea                USBD_LL_GetRxDataSize
 .text.USBD_Get_USB_Status
                0x0000000008007c10       0x58 USB_DEVICE/Target/usbd_conf.o
                0x0000000008007c10                USBD_Get_USB_Status
 .text.__errno  0x0000000008007c68        0xc /opt/st/stm32cubeide_1.5.1/plugins/com.st.stm32cube.ide.mcu.externaltools.gnu-tools-for-stm32.7-2018-q2-update.linux64_1.5.0.202011040924/tools/bin/../lib/gcc/arm-none-eabi/7.3.1/../../../../arm-none-eabi/lib/thumb/v7e-m/fpv4-sp/hard/libc_nano.a(lib_a-errno.o)
                0x0000000008007c68                __errno
 .text.__libc_init_array
                0x0000000008007c74       0x48 /opt/st/stm32cubeide_1.5.1/plugins/com.st.stm32cube.ide.mcu.externaltools.gnu-tools-for-stm32.7-2018-q2-update.linux64_1.5.0.202011040924/tools/bin/../lib/gcc/arm-none-eabi/7.3.1/../../../../arm-none-eabi/lib/thumb/v7e-m/fpv4-sp/hard/libc_nano.a(lib_a-init.o)
                0x0000000008007c74                __libc_init_array
 .text.__itoa   0x0000000008007cbc       0x30 /opt/st/stm32cubeide_1.5.1/plugins/com.st.stm32cube.ide.mcu.externaltools.gnu-tools-for-stm32.7-2018-q2-update.linux64_1.5.0.202011040924/tools/bin/../lib/gcc/arm-none-eabi/7.3.1/../../../../arm-none-eabi/lib/thumb/v7e-m/fpv4-sp/hard/libc_nano.a(lib_a-itoa.o)
                0x0000000008007cbc                __itoa
 .text.itoa     0x0000000008007cec        0x4 /opt/st/stm32cubeide_1.5.1/plugins/com.st.stm32cube.ide.mcu.externaltools.gnu-tools-for-stm32.7-2018-q2-update.linux64_1.5.0.202011040924/tools/bin/../lib/gcc/arm-none-eabi/7.3.1/../../../../arm-none-eabi/lib/thumb/v7e-m/fpv4-sp/hard/libc_nano.a(lib_a-itoa.o)
                0x0000000008007cec                itoa
 .text.malloc   0x0000000008007cf0       0x10 /opt/st/stm32cubeide_1.5.1/plugins/com.st.stm32cube.ide.mcu.externaltools.gnu-tools-for-stm32.7-2018-q2-update.linux64_1.5.0.202011040924/tools/bin/../lib/gcc/arm-none-eabi/7.3.1/../../../../arm-none-eabi/lib/thumb/v7e-m/fpv4-sp/hard/libc_nano.a(lib_a-malloc.o)
                0x0000000008007cf0                malloc
 .text.free     0x0000000008007d00       0x10 /opt/st/stm32cubeide_1.5.1/plugins/com.st.stm32cube.ide.mcu.externaltools.gnu-tools-for-stm32.7-2018-q2-update.linux64_1.5.0.202011040924/tools/bin/../lib/gcc/arm-none-eabi/7.3.1/../../../../arm-none-eabi/lib/thumb/v7e-m/fpv4-sp/hard/libc_nano.a(lib_a-malloc.o)
                0x0000000008007d00                free
 .text.memcpy   0x0000000008007d10       0x16 /opt/st/stm32cubeide_1.5.1/plugins/com.st.stm32cube.ide.mcu.externaltools.gnu-tools-for-stm32.7-2018-q2-update.linux64_1.5.0.202011040924/tools/bin/../lib/gcc/arm-none-eabi/7.3.1/../../../../arm-none-eabi/lib/thumb/v7e-m/fpv4-sp/hard/libc_nano.a(lib_a-memcpy-stub.o)
                0x0000000008007d10                memcpy
 .text.memset   0x0000000008007d26       0x10 /opt/st/stm32cubeide_1.5.1/plugins/com.st.stm32cube.ide.mcu.externaltools.gnu-tools-for-stm32.7-2018-q2-update.linux64_1.5.0.202011040924/tools/bin/../lib/gcc/arm-none-eabi/7.3.1/../../../../arm-none-eabi/lib/thumb/v7e-m/fpv4-sp/hard/libc_nano.a(lib_a-memset.o)
                0x0000000008007d26                memset
 *fill*         0x0000000008007d36        0x2 
 .text._free_r  0x0000000008007d38       0x9c /opt/st/stm32cubeide_1.5.1/plugins/com.st.stm32cube.ide.mcu.externaltools.gnu-tools-for-stm32.7-2018-q2-update.linux64_1.5.0.202011040924/tools/bin/../lib/gcc/arm-none-eabi/7.3.1/../../../../arm-none-eabi/lib/thumb/v7e-m/fpv4-sp/hard/libc_nano.a(lib_a-nano-freer.o)
                0x0000000008007d38                _free_r
 .text._malloc_r
                0x0000000008007dd4       0xb4 /opt/st/stm32cubeide_1.5.1/plugins/com.st.stm32cube.ide.mcu.externaltools.gnu-tools-for-stm32.7-2018-q2-update.linux64_1.5.0.202011040924/tools/bin/../lib/gcc/arm-none-eabi/7.3.1/../../../../arm-none-eabi/lib/thumb/v7e-m/fpv4-sp/hard/libc_nano.a(lib_a-nano-mallocr.o)
                0x0000000008007dd4                _malloc_r
 .text._sbrk_r  0x0000000008007e88       0x20 /opt/st/stm32cubeide_1.5.1/plugins/com.st.stm32cube.ide.mcu.externaltools.gnu-tools-for-stm32.7-2018-q2-update.linux64_1.5.0.202011040924/tools/bin/../lib/gcc/arm-none-eabi/7.3.1/../../../../arm-none-eabi/lib/thumb/v7e-m/fpv4-sp/hard/libc_nano.a(lib_a-sbrkr.o)
                0x0000000008007e88                _sbrk_r
 .text.__utoa   0x0000000008007ea8       0x7c /opt/st/stm32cubeide_1.5.1/plugins/com.st.stm32cube.ide.mcu.externaltools.gnu-tools-for-stm32.7-2018-q2-update.linux64_1.5.0.202011040924/tools/bin/../lib/gcc/arm-none-eabi/7.3.1/../../../../arm-none-eabi/lib/thumb/v7e-m/fpv4-sp/hard/libc_nano.a(lib_a-utoa.o)
                0x0000000008007ea8                __utoa
 .text.__malloc_lock
                0x0000000008007f24        0x2 /opt/st/stm32cubeide_1.5.1/plugins/com.st.stm32cube.ide.mcu.externaltools.gnu-tools-for-stm32.7-2018-q2-update.linux64_1.5.0.202011040924/tools/bin/../lib/gcc/arm-none-eabi/7.3.1/../../../../arm-none-eabi/lib/thumb/v7e-m/fpv4-sp/hard/libc_nano.a(lib_a-mlock.o)
                0x0000000008007f24                __malloc_lock
 .text.__malloc_unlock
                0x0000000008007f26        0x2 /opt/st/stm32cubeide_1.5.1/plugins/com.st.stm32cube.ide.mcu.externaltools.gnu-tools-for-stm32.7-2018-q2-update.linux64_1.5.0.202011040924/tools/bin/../lib/gcc/arm-none-eabi/7.3.1/../../../../arm-none-eabi/lib/thumb/v7e-m/fpv4-sp/hard/libc_nano.a(lib_a-mlock.o)
                0x0000000008007f26                __malloc_unlock
 *(.glue_7)
 .glue_7        0x0000000008007f28        0x0 linker stubs
 *(.glue_7t)
 .glue_7t       0x0000000008007f28        0x0 linker stubs
 *(.eh_frame)
 .eh_frame      0x0000000008007f28        0x0 /opt/st/stm32cubeide_1.5.1/plugins/com.st.stm32cube.ide.mcu.externaltools.gnu-tools-for-stm32.7-2018-q2-update.linux64_1.5.0.202011040924/tools/bin/../lib/gcc/arm-none-eabi/7.3.1/thumb/v7e-m/fpv4-sp/hard/crtbegin.o
 *(.init)
 .init          0x0000000008007f28        0x4 /opt/st/stm32cubeide_1.5.1/plugins/com.st.stm32cube.ide.mcu.externaltools.gnu-tools-for-stm32.7-2018-q2-update.linux64_1.5.0.202011040924/tools/bin/../lib/gcc/arm-none-eabi/7.3.1/thumb/v7e-m/fpv4-sp/hard/crti.o
                0x0000000008007f28                _init
 .init          0x0000000008007f2c        0x8 /opt/st/stm32cubeide_1.5.1/plugins/com.st.stm32cube.ide.mcu.externaltools.gnu-tools-for-stm32.7-2018-q2-update.linux64_1.5.0.202011040924/tools/bin/../lib/gcc/arm-none-eabi/7.3.1/thumb/v7e-m/fpv4-sp/hard/crtn.o
 *(.fini)
 .fini          0x0000000008007f34        0x4 /opt/st/stm32cubeide_1.5.1/plugins/com.st.stm32cube.ide.mcu.externaltools.gnu-tools-for-stm32.7-2018-q2-update.linux64_1.5.0.202011040924/tools/bin/../lib/gcc/arm-none-eabi/7.3.1/thumb/v7e-m/fpv4-sp/hard/crti.o
                0x0000000008007f34                _fini
 .fini          0x0000000008007f38        0x8 /opt/st/stm32cubeide_1.5.1/plugins/com.st.stm32cube.ide.mcu.externaltools.gnu-tools-for-stm32.7-2018-q2-update.linux64_1.5.0.202011040924/tools/bin/../lib/gcc/arm-none-eabi/7.3.1/thumb/v7e-m/fpv4-sp/hard/crtn.o
                0x0000000008007f40                . = ALIGN (0x4)
                0x0000000008007f40                _etext = .

.vfp11_veneer   0x0000000008007f40        0x0
 .vfp11_veneer  0x0000000008007f40        0x0 linker stubs

.v4_bx          0x0000000008007f40        0x0
 .v4_bx         0x0000000008007f40        0x0 linker stubs

.iplt           0x0000000008007f40        0x0
 .iplt          0x0000000008007f40        0x0 /opt/st/stm32cubeide_1.5.1/plugins/com.st.stm32cube.ide.mcu.externaltools.gnu-tools-for-stm32.7-2018-q2-update.linux64_1.5.0.202011040924/tools/bin/../lib/gcc/arm-none-eabi/7.3.1/thumb/v7e-m/fpv4-sp/hard/crtbegin.o

.rodata         0x0000000008007f40      0x17c
                0x0000000008007f40                . = ALIGN (0x4)
 *(.rodata)
 .rodata        0x0000000008007f40        0x5 Core/Src/cracker.o
 *fill*         0x0000000008007f45        0x3 
 .rodata        0x0000000008007f48       0xeb Core/Src/main.o
 *fill*         0x0000000008008033        0x1 
 .rodata        0x0000000008008034       0x46 USB_DEVICE/App/usbd_desc.o
 *(.rodata*)
 *fill*         0x000000000800807a        0x2 
 .rodata.AHBPrescTable
                0x000000000800807c       0x10 Core/Src/system_stm32f4xx.o
                0x000000000800807c                AHBPrescTable
 .rodata.APBPrescTable
                0x000000000800808c        0x8 Core/Src/system_stm32f4xx.o
                0x000000000800808c                APBPrescTable
 .rodata.__utoa.str1.1
                0x0000000008008094       0x25 /opt/st/stm32cubeide_1.5.1/plugins/com.st.stm32cube.ide.mcu.externaltools.gnu-tools-for-stm32.7-2018-q2-update.linux64_1.5.0.202011040924/tools/bin/../lib/gcc/arm-none-eabi/7.3.1/../../../../arm-none-eabi/lib/thumb/v7e-m/fpv4-sp/hard/libc_nano.a(lib_a-utoa.o)
                0x00000000080080bc                . = ALIGN (0x4)
 *fill*         0x00000000080080b9        0x3 

.ARM.extab      0x00000000080080bc        0x0
                0x00000000080080bc                . = ALIGN (0x4)
 *(.ARM.extab* .gnu.linkonce.armextab.*)
                0x00000000080080bc                . = ALIGN (0x4)

.ARM            0x00000000080080bc        0x8
                0x00000000080080bc                . = ALIGN (0x4)
                0x00000000080080bc                __exidx_start = .
 *(.ARM.exidx*)
 .ARM.exidx     0x00000000080080bc        0x8 /opt/st/stm32cubeide_1.5.1/plugins/com.st.stm32cube.ide.mcu.externaltools.gnu-tools-for-stm32.7-2018-q2-update.linux64_1.5.0.202011040924/tools/bin/../lib/gcc/arm-none-eabi/7.3.1/thumb/v7e-m/fpv4-sp/hard/libgcc.a(_udivmoddi4.o)
                0x00000000080080c4                __exidx_end = .
                0x00000000080080c4                . = ALIGN (0x4)

.rel.dyn        0x00000000080080c4        0x0
 .rel.iplt      0x00000000080080c4        0x0 /opt/st/stm32cubeide_1.5.1/plugins/com.st.stm32cube.ide.mcu.externaltools.gnu-tools-for-stm32.7-2018-q2-update.linux64_1.5.0.202011040924/tools/bin/../lib/gcc/arm-none-eabi/7.3.1/thumb/v7e-m/fpv4-sp/hard/crtbegin.o

.preinit_array  0x00000000080080c4        0x0
                0x00000000080080c4                . = ALIGN (0x4)
                0x00000000080080c4                PROVIDE (__preinit_array_start = .)
 *(.preinit_array*)
                0x00000000080080c4                PROVIDE (__preinit_array_end = .)
                0x00000000080080c4                . = ALIGN (0x4)

.init_array     0x00000000080080c4        0x4
                0x00000000080080c4                . = ALIGN (0x4)
                0x00000000080080c4                PROVIDE (__init_array_start = .)
 *(SORT_BY_NAME(.init_array.*))
 *(.init_array*)
 .init_array    0x00000000080080c4        0x4 /opt/st/stm32cubeide_1.5.1/plugins/com.st.stm32cube.ide.mcu.externaltools.gnu-tools-for-stm32.7-2018-q2-update.linux64_1.5.0.202011040924/tools/bin/../lib/gcc/arm-none-eabi/7.3.1/thumb/v7e-m/fpv4-sp/hard/crtbegin.o
                0x00000000080080c8                PROVIDE (__init_array_end = .)
                0x00000000080080c8                . = ALIGN (0x4)

.fini_array     0x00000000080080c8        0x4
                0x00000000080080c8                . = ALIGN (0x4)
                [!provide]                        PROVIDE (__fini_array_start = .)
 *(SORT_BY_NAME(.fini_array.*))
 *(.fini_array*)
 .fini_array    0x00000000080080c8        0x4 /opt/st/stm32cubeide_1.5.1/plugins/com.st.stm32cube.ide.mcu.externaltools.gnu-tools-for-stm32.7-2018-q2-update.linux64_1.5.0.202011040924/tools/bin/../lib/gcc/arm-none-eabi/7.3.1/thumb/v7e-m/fpv4-sp/hard/crtbegin.o
                [!provide]                        PROVIDE (__fini_array_end = .)
                0x00000000080080cc                . = ALIGN (0x4)
                0x00000000080080cc                _sidata = LOADADDR (.data)

.data           0x0000000020000000      0x1e4 load address 0x00000000080080cc
                0x0000000020000000                . = ALIGN (0x4)
                0x0000000020000000                _sdata = .
 *(.data)
 *(.data*)
 .data.SystemCoreClock
                0x0000000020000000        0x4 Core/Src/system_stm32f4xx.o
                0x0000000020000000                SystemCoreClock
 .data.uwTickPrio
                0x0000000020000004        0x4 Drivers/STM32F4xx_HAL_Driver/Src/stm32f4xx_hal.o
                0x0000000020000004                uwTickPrio
 .data.uwTickFreq
                0x0000000020000008        0x1 Drivers/STM32F4xx_HAL_Driver/Src/stm32f4xx_hal.o
                0x0000000020000008                uwTickFreq
 *fill*         0x0000000020000009        0x3 
 .data.USBD_CDC_DeviceQualifierDesc
                0x000000002000000c        0xa Middlewares/ST/STM32_USB_Device_Library/Class/CDC/Src/usbd_cdc.o
 *fill*         0x0000000020000016        0x2 
 .data.USBD_CDC
                0x0000000020000018       0x38 Middlewares/ST/STM32_USB_Device_Library/Class/CDC/Src/usbd_cdc.o
                0x0000000020000018                USBD_CDC
 .data.USBD_CDC_CfgHSDesc
                0x0000000020000050       0x43 Middlewares/ST/STM32_USB_Device_Library/Class/CDC/Src/usbd_cdc.o
 *fill*         0x0000000020000093        0x1 
 .data.USBD_CDC_CfgFSDesc
                0x0000000020000094       0x43 Middlewares/ST/STM32_USB_Device_Library/Class/CDC/Src/usbd_cdc.o
 *fill*         0x00000000200000d7        0x1 
 .data.USBD_CDC_OtherSpeedCfgDesc
                0x00000000200000d8       0x43 Middlewares/ST/STM32_USB_Device_Library/Class/CDC/Src/usbd_cdc.o
 *fill*         0x000000002000011b        0x1 
 .data.USBD_Interface_fops_FS
                0x000000002000011c       0x14 USB_DEVICE/App/usbd_cdc_if.o
                0x000000002000011c                USBD_Interface_fops_FS
 .data.FS_Desc  0x0000000020000130       0x1c USB_DEVICE/App/usbd_desc.o
                0x0000000020000130                FS_Desc
 .data.USBD_FS_DeviceDesc
                0x000000002000014c       0x12 USB_DEVICE/App/usbd_desc.o
                0x000000002000014c                USBD_FS_DeviceDesc
 *fill*         0x000000002000015e        0x2 
 .data.USBD_LangIDDesc
                0x0000000020000160        0x4 USB_DEVICE/App/usbd_desc.o
                0x0000000020000160                USBD_LangIDDesc
 .data.USBD_StringSerial
                0x0000000020000164       0x1a USB_DEVICE/App/usbd_desc.o
                0x0000000020000164                USBD_StringSerial
 *fill*         0x000000002000017e        0x2 
 .data._impure_ptr
                0x0000000020000180        0x4 /opt/st/stm32cubeide_1.5.1/plugins/com.st.stm32cube.ide.mcu.externaltools.gnu-tools-for-stm32.7-2018-q2-update.linux64_1.5.0.202011040924/tools/bin/../lib/gcc/arm-none-eabi/7.3.1/../../../../arm-none-eabi/lib/thumb/v7e-m/fpv4-sp/hard/libc_nano.a(lib_a-impure.o)
                0x0000000020000180                _impure_ptr
 .data.impure_data
                0x0000000020000184       0x60 /opt/st/stm32cubeide_1.5.1/plugins/com.st.stm32cube.ide.mcu.externaltools.gnu-tools-for-stm32.7-2018-q2-update.linux64_1.5.0.202011040924/tools/bin/../lib/gcc/arm-none-eabi/7.3.1/../../../../arm-none-eabi/lib/thumb/v7e-m/fpv4-sp/hard/libc_nano.a(lib_a-impure.o)
 *(.RamFunc)
 *(.RamFunc*)
                0x00000000200001e4                . = ALIGN (0x4)
                0x00000000200001e4                _edata = .

.igot.plt       0x00000000200001e4        0x0 load address 0x00000000080082b0
 .igot.plt      0x00000000200001e4        0x0 /opt/st/stm32cubeide_1.5.1/plugins/com.st.stm32cube.ide.mcu.externaltools.gnu-tools-for-stm32.7-2018-q2-update.linux64_1.5.0.202011040924/tools/bin/../lib/gcc/arm-none-eabi/7.3.1/thumb/v7e-m/fpv4-sp/hard/crtbegin.o
                0x00000000200001e4                . = ALIGN (0x4)

.bss            0x00000000200001e4     0x198c load address 0x00000000080082b0
                0x00000000200001e4                _sbss = .
                0x00000000200001e4                __bss_start__ = _sbss
 *(.bss)
 .bss           0x00000000200001e4       0x1c /opt/st/stm32cubeide_1.5.1/plugins/com.st.stm32cube.ide.mcu.externaltools.gnu-tools-for-stm32.7-2018-q2-update.linux64_1.5.0.202011040924/tools/bin/../lib/gcc/arm-none-eabi/7.3.1/thumb/v7e-m/fpv4-sp/hard/crtbegin.o
 *(.bss*)
 .bss.__sbrk_heap_end
                0x0000000020000200        0x4 Core/Src/sysmem.o
 .bss.cfgidx.10366
                0x0000000020000204        0x1 Middlewares/ST/STM32_USB_Device_Library/Core/Src/usbd_ctlreq.o
 *fill*         0x0000000020000205        0x3 
 .bss.__malloc_free_list
                0x0000000020000208        0x4 /opt/st/stm32cubeide_1.5.1/plugins/com.st.stm32cube.ide.mcu.externaltools.gnu-tools-for-stm32.7-2018-q2-update.linux64_1.5.0.202011040924/tools/bin/../lib/gcc/arm-none-eabi/7.3.1/../../../../arm-none-eabi/lib/thumb/v7e-m/fpv4-sp/hard/libc_nano.a(lib_a-nano-mallocr.o)
                0x0000000020000208                __malloc_free_list
 .bss.__malloc_sbrk_start
                0x000000002000020c        0x4 /opt/st/stm32cubeide_1.5.1/plugins/com.st.stm32cube.ide.mcu.externaltools.gnu-tools-for-stm32.7-2018-q2-update.linux64_1.5.0.202011040924/tools/bin/../lib/gcc/arm-none-eabi/7.3.1/../../../../arm-none-eabi/lib/thumb/v7e-m/fpv4-sp/hard/libc_nano.a(lib_a-nano-mallocr.o)
                0x000000002000020c                __malloc_sbrk_start
 *(COMMON)
 COMMON         0x0000000020000210       0x80 Core/Src/main.o
                0x0000000020000210                huart1
                0x0000000020000250                htim2
 COMMON         0x0000000020000290        0x4 Drivers/STM32F4xx_HAL_Driver/Src/stm32f4xx_hal.o
                0x0000000020000290                uwTick
 COMMON         0x0000000020000294      0x2d0 USB_DEVICE/App/usb_device.o
                0x0000000020000294                hUsbDeviceFS
 COMMON         0x0000000020000564     0x1000 USB_DEVICE/App/usbd_cdc_if.o
                0x0000000020000564                UserRxBufferFS
                0x0000000020000d64                UserTxBufferFS
 COMMON         0x0000000020001564      0x200 USB_DEVICE/App/usbd_desc.o
                0x0000000020001564                USBD_StrDesc
 COMMON         0x0000000020001764      0x408 USB_DEVICE/Target/usbd_conf.o
                0x0000000020001764                hpcd_USB_OTG_FS
 COMMON         0x0000000020001b6c        0x4 /opt/st/stm32cubeide_1.5.1/plugins/com.st.stm32cube.ide.mcu.externaltools.gnu-tools-for-stm32.7-2018-q2-update.linux64_1.5.0.202011040924/tools/bin/../lib/gcc/arm-none-eabi/7.3.1/../../../../arm-none-eabi/lib/thumb/v7e-m/fpv4-sp/hard/libc_nano.a(lib_a-reent.o)
                0x0000000020001b6c                errno
                0x0000000020001b70                . = ALIGN (0x4)
                0x0000000020001b70                _ebss = .
                0x0000000020001b70                __bss_end__ = _ebss

._user_heap_stack
                0x0000000020001b70      0x600 load address 0x00000000080082b0
                0x0000000020001b70                . = ALIGN (0x8)
                [!provide]                        PROVIDE (end = .)
                0x0000000020001b70                PROVIDE (_end = .)
                0x0000000020001d70                . = (. + _Min_Heap_Size)
 *fill*         0x0000000020001b70      0x200 
                0x0000000020002170                . = (. + _Min_Stack_Size)
 *fill*         0x0000000020001d70      0x400 
                0x0000000020002170                . = ALIGN (0x8)

/DISCARD/
 libc.a(*)
 libm.a(*)
 libgcc.a(*)

.ARM.attributes
                0x0000000000000000       0x30
 *(.ARM.attributes)
 .ARM.attributes
                0x0000000000000000       0x22 /opt/st/stm32cubeide_1.5.1/plugins/com.st.stm32cube.ide.mcu.externaltools.gnu-tools-for-stm32.7-2018-q2-update.linux64_1.5.0.202011040924/tools/bin/../lib/gcc/arm-none-eabi/7.3.1/thumb/v7e-m/fpv4-sp/hard/crti.o
 .ARM.attributes
                0x0000000000000022       0x34 /opt/st/stm32cubeide_1.5.1/plugins/com.st.stm32cube.ide.mcu.externaltools.gnu-tools-for-stm32.7-2018-q2-update.linux64_1.5.0.202011040924/tools/bin/../lib/gcc/arm-none-eabi/7.3.1/thumb/v7e-m/fpv4-sp/hard/crtbegin.o
 .ARM.attributes
                0x0000000000000056       0x39 Core/Src/cracker.o
 .ARM.attributes
                0x000000000000008f       0x39 Core/Src/main.o
 .ARM.attributes
                0x00000000000000c8       0x39 Core/Src/stm32f4xx_hal_msp.o
 .ARM.attributes
                0x0000000000000101       0x39 Core/Src/stm32f4xx_it.o
 .ARM.attributes
                0x000000000000013a       0x39 Core/Src/sysmem.o
 .ARM.attributes
                0x0000000000000173       0x39 Core/Src/system_stm32f4xx.o
 .ARM.attributes
                0x00000000000001ac       0x21 Core/Startup/startup_stm32f407vetx.o
 .ARM.attributes
                0x00000000000001cd       0x39 Drivers/STM32F4xx_HAL_Driver/Src/stm32f4xx_hal.o
 .ARM.attributes
                0x0000000000000206       0x39 Drivers/STM32F4xx_HAL_Driver/Src/stm32f4xx_hal_cortex.o
 .ARM.attributes
                0x000000000000023f       0x39 Drivers/STM32F4xx_HAL_Driver/Src/stm32f4xx_hal_gpio.o
 .ARM.attributes
                0x0000000000000278       0x39 Drivers/STM32F4xx_HAL_Driver/Src/stm32f4xx_hal_pcd.o
 .ARM.attributes
                0x00000000000002b1       0x39 Drivers/STM32F4xx_HAL_Driver/Src/stm32f4xx_hal_pcd_ex.o
 .ARM.attributes
                0x00000000000002ea       0x39 Drivers/STM32F4xx_HAL_Driver/Src/stm32f4xx_hal_rcc.o
 .ARM.attributes
                0x0000000000000323       0x39 Drivers/STM32F4xx_HAL_Driver/Src/stm32f4xx_hal_tim.o
 .ARM.attributes
                0x000000000000035c       0x39 Drivers/STM32F4xx_HAL_Driver/Src/stm32f4xx_hal_tim_ex.o
 .ARM.attributes
                0x0000000000000395       0x39 Drivers/STM32F4xx_HAL_Driver/Src/stm32f4xx_hal_uart.o
 .ARM.attributes
                0x00000000000003ce       0x39 Drivers/STM32F4xx_HAL_Driver/Src/stm32f4xx_ll_usb.o
 .ARM.attributes
                0x0000000000000407       0x39 Middlewares/ST/STM32_USB_Device_Library/Class/CDC/Src/usbd_cdc.o
 .ARM.attributes
                0x0000000000000440       0x39 Middlewares/ST/STM32_USB_Device_Library/Core/Src/usbd_core.o
 .ARM.attributes
                0x0000000000000479       0x39 Middlewares/ST/STM32_USB_Device_Library/Core/Src/usbd_ctlreq.o
 .ARM.attributes
                0x00000000000004b2       0x39 Middlewares/ST/STM32_USB_Device_Library/Core/Src/usbd_ioreq.o
 .ARM.attributes
                0x00000000000004eb       0x39 USB_DEVICE/App/usb_device.o
 .ARM.attributes
                0x0000000000000524       0x39 USB_DEVICE/App/usbd_cdc_if.o
 .ARM.attributes
                0x000000000000055d       0x39 USB_DEVICE/App/usbd_desc.o
 .ARM.attributes
                0x0000000000000596       0x39 USB_DEVICE/Target/usbd_conf.o
 .ARM.attributes
                0x00000000000005cf       0x34 /opt/st/stm32cubeide_1.5.1/plugins/com.st.stm32cube.ide.mcu.externaltools.gnu-tools-for-stm32.7-2018-q2-update.linux64_1.5.0.202011040924/tools/bin/../lib/gcc/arm-none-eabi/7.3.1/../../../../arm-none-eabi/lib/thumb/v7e-m/fpv4-sp/hard/libc_nano.a(lib_a-errno.o)
 .ARM.attributes
                0x0000000000000603       0x34 /opt/st/stm32cubeide_1.5.1/plugins/com.st.stm32cube.ide.mcu.externaltools.gnu-tools-for-stm32.7-2018-q2-update.linux64_1.5.0.202011040924/tools/bin/../lib/gcc/arm-none-eabi/7.3.1/../../../../arm-none-eabi/lib/thumb/v7e-m/fpv4-sp/hard/libc_nano.a(lib_a-impure.o)
 .ARM.attributes
                0x0000000000000637       0x34 /opt/st/stm32cubeide_1.5.1/plugins/com.st.stm32cube.ide.mcu.externaltools.gnu-tools-for-stm32.7-2018-q2-update.linux64_1.5.0.202011040924/tools/bin/../lib/gcc/arm-none-eabi/7.3.1/../../../../arm-none-eabi/lib/thumb/v7e-m/fpv4-sp/hard/libc_nano.a(lib_a-init.o)
 .ARM.attributes
                0x000000000000066b       0x34 /opt/st/stm32cubeide_1.5.1/plugins/com.st.stm32cube.ide.mcu.externaltools.gnu-tools-for-stm32.7-2018-q2-update.linux64_1.5.0.202011040924/tools/bin/../lib/gcc/arm-none-eabi/7.3.1/../../../../arm-none-eabi/lib/thumb/v7e-m/fpv4-sp/hard/libc_nano.a(lib_a-itoa.o)
 .ARM.attributes
                0x000000000000069f       0x34 /opt/st/stm32cubeide_1.5.1/plugins/com.st.stm32cube.ide.mcu.externaltools.gnu-tools-for-stm32.7-2018-q2-update.linux64_1.5.0.202011040924/tools/bin/../lib/gcc/arm-none-eabi/7.3.1/../../../../arm-none-eabi/lib/thumb/v7e-m/fpv4-sp/hard/libc_nano.a(lib_a-malloc.o)
 .ARM.attributes
                0x00000000000006d3       0x34 /opt/st/stm32cubeide_1.5.1/plugins/com.st.stm32cube.ide.mcu.externaltools.gnu-tools-for-stm32.7-2018-q2-update.linux64_1.5.0.202011040924/tools/bin/../lib/gcc/arm-none-eabi/7.3.1/../../../../arm-none-eabi/lib/thumb/v7e-m/fpv4-sp/hard/libc_nano.a(lib_a-memcpy-stub.o)
 .ARM.attributes
                0x0000000000000707       0x34 /opt/st/stm32cubeide_1.5.1/plugins/com.st.stm32cube.ide.mcu.externaltools.gnu-tools-for-stm32.7-2018-q2-update.linux64_1.5.0.202011040924/tools/bin/../lib/gcc/arm-none-eabi/7.3.1/../../../../arm-none-eabi/lib/thumb/v7e-m/fpv4-sp/hard/libc_nano.a(lib_a-memset.o)
 .ARM.attributes
                0x000000000000073b       0x34 /opt/st/stm32cubeide_1.5.1/plugins/com.st.stm32cube.ide.mcu.externaltools.gnu-tools-for-stm32.7-2018-q2-update.linux64_1.5.0.202011040924/tools/bin/../lib/gcc/arm-none-eabi/7.3.1/../../../../arm-none-eabi/lib/thumb/v7e-m/fpv4-sp/hard/libc_nano.a(lib_a-nano-freer.o)
 .ARM.attributes
                0x000000000000076f       0x34 /opt/st/stm32cubeide_1.5.1/plugins/com.st.stm32cube.ide.mcu.externaltools.gnu-tools-for-stm32.7-2018-q2-update.linux64_1.5.0.202011040924/tools/bin/../lib/gcc/arm-none-eabi/7.3.1/../../../../arm-none-eabi/lib/thumb/v7e-m/fpv4-sp/hard/libc_nano.a(lib_a-nano-mallocr.o)
 .ARM.attributes
                0x00000000000007a3       0x34 /opt/st/stm32cubeide_1.5.1/plugins/com.st.stm32cube.ide.mcu.externaltools.gnu-tools-for-stm32.7-2018-q2-update.linux64_1.5.0.202011040924/tools/bin/../lib/gcc/arm-none-eabi/7.3.1/../../../../arm-none-eabi/lib/thumb/v7e-m/fpv4-sp/hard/libc_nano.a(lib_a-sbrkr.o)
 .ARM.attributes
                0x00000000000007d7       0x34 /opt/st/stm32cubeide_1.5.1/plugins/com.st.stm32cube.ide.mcu.externaltools.gnu-tools-for-stm32.7-2018-q2-update.linux64_1.5.0.202011040924/tools/bin/../lib/gcc/arm-none-eabi/7.3.1/../../../../arm-none-eabi/lib/thumb/v7e-m/fpv4-sp/hard/libc_nano.a(lib_a-utoa.o)
 .ARM.attributes
                0x000000000000080b       0x34 /opt/st/stm32cubeide_1.5.1/plugins/com.st.stm32cube.ide.mcu.externaltools.gnu-tools-for-stm32.7-2018-q2-update.linux64_1.5.0.202011040924/tools/bin/../lib/gcc/arm-none-eabi/7.3.1/../../../../arm-none-eabi/lib/thumb/v7e-m/fpv4-sp/hard/libc_nano.a(lib_a-mlock.o)
 .ARM.attributes
                0x000000000000083f       0x34 /opt/st/stm32cubeide_1.5.1/plugins/com.st.stm32cube.ide.mcu.externaltools.gnu-tools-for-stm32.7-2018-q2-update.linux64_1.5.0.202011040924/tools/bin/../lib/gcc/arm-none-eabi/7.3.1/../../../../arm-none-eabi/lib/thumb/v7e-m/fpv4-sp/hard/libc_nano.a(lib_a-reent.o)
 .ARM.attributes
                0x0000000000000873       0x22 /opt/st/stm32cubeide_1.5.1/plugins/com.st.stm32cube.ide.mcu.externaltools.gnu-tools-for-stm32.7-2018-q2-update.linux64_1.5.0.202011040924/tools/bin/../lib/gcc/arm-none-eabi/7.3.1/thumb/v7e-m/fpv4-sp/hard/libgcc.a(_aeabi_uldivmod.o)
 .ARM.attributes
                0x0000000000000895       0x34 /opt/st/stm32cubeide_1.5.1/plugins/com.st.stm32cube.ide.mcu.externaltools.gnu-tools-for-stm32.7-2018-q2-update.linux64_1.5.0.202011040924/tools/bin/../lib/gcc/arm-none-eabi/7.3.1/thumb/v7e-m/fpv4-sp/hard/libgcc.a(_udivmoddi4.o)
 .ARM.attributes
                0x00000000000008c9       0x22 /opt/st/stm32cubeide_1.5.1/plugins/com.st.stm32cube.ide.mcu.externaltools.gnu-tools-for-stm32.7-2018-q2-update.linux64_1.5.0.202011040924/tools/bin/../lib/gcc/arm-none-eabi/7.3.1/thumb/v7e-m/fpv4-sp/hard/libgcc.a(_dvmd_tls.o)
 .ARM.attributes
                0x00000000000008eb       0x22 /opt/st/stm32cubeide_1.5.1/plugins/com.st.stm32cube.ide.mcu.externaltools.gnu-tools-for-stm32.7-2018-q2-update.linux64_1.5.0.202011040924/tools/bin/../lib/gcc/arm-none-eabi/7.3.1/thumb/v7e-m/fpv4-sp/hard/crtn.o
OUTPUT(cracker.elf elf32-littlearm)

.debug_info     0x0000000000000000    0x18ed5
 .debug_info    0x0000000000000000      0xb84 Core/Src/cracker.o
 .debug_info    0x0000000000000b84     0x20a0 Core/Src/main.o
 .debug_info    0x0000000000002c24      0xc19 Core/Src/stm32f4xx_hal_msp.o
 .debug_info    0x000000000000383d      0xb92 Core/Src/stm32f4xx_it.o
 .debug_info    0x00000000000043cf      0x985 Core/Src/sysmem.o
 .debug_info    0x0000000000004d54      0x554 Core/Src/system_stm32f4xx.o
 .debug_info    0x00000000000052a8       0x22 Core/Startup/startup_stm32f407vetx.o
 .debug_info    0x00000000000052ca      0x945 Drivers/STM32F4xx_HAL_Driver/Src/stm32f4xx_hal.o
 .debug_info    0x0000000000005c0f      0xe28 Drivers/STM32F4xx_HAL_Driver/Src/stm32f4xx_hal_cortex.o
 .debug_info    0x0000000000006a37      0x7b5 Drivers/STM32F4xx_HAL_Driver/Src/stm32f4xx_hal_gpio.o
 .debug_info    0x00000000000071ec     0x11ca Drivers/STM32F4xx_HAL_Driver/Src/stm32f4xx_hal_pcd.o
 .debug_info    0x00000000000083b6      0x753 Drivers/STM32F4xx_HAL_Driver/Src/stm32f4xx_hal_pcd_ex.o
 .debug_info    0x0000000000008b09      0x904 Drivers/STM32F4xx_HAL_Driver/Src/stm32f4xx_hal_rcc.o
 .debug_info    0x000000000000940d     0x24a9 Drivers/STM32F4xx_HAL_Driver/Src/stm32f4xx_hal_tim.o
 .debug_info    0x000000000000b8b6     0x1157 Drivers/STM32F4xx_HAL_Driver/Src/stm32f4xx_hal_tim_ex.o
 .debug_info    0x000000000000ca0d     0x124c Drivers/STM32F4xx_HAL_Driver/Src/stm32f4xx_hal_uart.o
 .debug_info    0x000000000000dc59     0x18dd Drivers/STM32F4xx_HAL_Driver/Src/stm32f4xx_ll_usb.o
 .debug_info    0x000000000000f536     0x1800 Middlewares/ST/STM32_USB_Device_Library/Class/CDC/Src/usbd_cdc.o
 .debug_info    0x0000000000010d36     0x1285 Middlewares/ST/STM32_USB_Device_Library/Core/Src/usbd_core.o
 .debug_info    0x0000000000011fbb     0x123d Middlewares/ST/STM32_USB_Device_Library/Core/Src/usbd_ctlreq.o
 .debug_info    0x00000000000131f8      0xf88 Middlewares/ST/STM32_USB_Device_Library/Core/Src/usbd_ioreq.o
 .debug_info    0x0000000000014180      0xefb USB_DEVICE/App/usb_device.o
 .debug_info    0x000000000001507b     0x110d USB_DEVICE/App/usbd_cdc_if.o
 .debug_info    0x0000000000016188      0xd20 USB_DEVICE/App/usbd_desc.o
 .debug_info    0x0000000000016ea8     0x202d USB_DEVICE/Target/usbd_conf.o

.debug_abbrev   0x0000000000000000     0x346a
 .debug_abbrev  0x0000000000000000      0x1a7 Core/Src/cracker.o
 .debug_abbrev  0x00000000000001a7      0x2ea Core/Src/main.o
 .debug_abbrev  0x0000000000000491      0x1b7 Core/Src/stm32f4xx_hal_msp.o
 .debug_abbrev  0x0000000000000648      0x1a1 Core/Src/stm32f4xx_it.o
 .debug_abbrev  0x00000000000007e9      0x19b Core/Src/sysmem.o
 .debug_abbrev  0x0000000000000984      0x12b Core/Src/system_stm32f4xx.o
 .debug_abbrev  0x0000000000000aaf       0x12 Core/Startup/startup_stm32f407vetx.o
 .debug_abbrev  0x0000000000000ac1      0x1c7 Drivers/STM32F4xx_HAL_Driver/Src/stm32f4xx_hal.o
 .debug_abbrev  0x0000000000000c88      0x2fa Drivers/STM32F4xx_HAL_Driver/Src/stm32f4xx_hal_cortex.o
 .debug_abbrev  0x0000000000000f82      0x1c9 Drivers/STM32F4xx_HAL_Driver/Src/stm32f4xx_hal_gpio.o
 .debug_abbrev  0x000000000000114b      0x266 Drivers/STM32F4xx_HAL_Driver/Src/stm32f4xx_hal_pcd.o
 .debug_abbrev  0x00000000000013b1      0x1cf Drivers/STM32F4xx_HAL_Driver/Src/stm32f4xx_hal_pcd_ex.o
 .debug_abbrev  0x0000000000001580      0x245 Drivers/STM32F4xx_HAL_Driver/Src/stm32f4xx_hal_rcc.o
 .debug_abbrev  0x00000000000017c5      0x230 Drivers/STM32F4xx_HAL_Driver/Src/stm32f4xx_hal_tim.o
 .debug_abbrev  0x00000000000019f5      0x21e Drivers/STM32F4xx_HAL_Driver/Src/stm32f4xx_hal_tim_ex.o
 .debug_abbrev  0x0000000000001c13      0x242 Drivers/STM32F4xx_HAL_Driver/Src/stm32f4xx_hal_uart.o
 .debug_abbrev  0x0000000000001e55      0x26d Drivers/STM32F4xx_HAL_Driver/Src/stm32f4xx_ll_usb.o
 .debug_abbrev  0x00000000000020c2      0x2bc Middlewares/ST/STM32_USB_Device_Library/Class/CDC/Src/usbd_cdc.o
 .debug_abbrev  0x000000000000237e      0x27d Middlewares/ST/STM32_USB_Device_Library/Core/Src/usbd_core.o
 .debug_abbrev  0x00000000000025fb      0x2ba Middlewares/ST/STM32_USB_Device_Library/Core/Src/usbd_ctlreq.o
 .debug_abbrev  0x00000000000028b5      0x1fc Middlewares/ST/STM32_USB_Device_Library/Core/Src/usbd_ioreq.o
 .debug_abbrev  0x0000000000002ab1      0x1da USB_DEVICE/App/usb_device.o
 .debug_abbrev  0x0000000000002c8b      0x2ca USB_DEVICE/App/usbd_cdc_if.o
 .debug_abbrev  0x0000000000002f55      0x265 USB_DEVICE/App/usbd_desc.o
 .debug_abbrev  0x00000000000031ba      0x2b0 USB_DEVICE/Target/usbd_conf.o

.debug_aranges  0x0000000000000000     0x1278
 .debug_aranges
                0x0000000000000000       0x50 Core/Src/cracker.o
 .debug_aranges
                0x0000000000000050       0x60 Core/Src/main.o
 .debug_aranges
                0x00000000000000b0       0x40 Core/Src/stm32f4xx_hal_msp.o
 .debug_aranges
                0x00000000000000f0       0x70 Core/Src/stm32f4xx_it.o
 .debug_aranges
                0x0000000000000160       0x20 Core/Src/sysmem.o
 .debug_aranges
                0x0000000000000180       0x28 Core/Src/system_stm32f4xx.o
 .debug_aranges
                0x00000000000001a8       0x28 Core/Startup/startup_stm32f407vetx.o
 .debug_aranges
                0x00000000000001d0       0xf0 Drivers/STM32F4xx_HAL_Driver/Src/stm32f4xx_hal.o
 .debug_aranges
                0x00000000000002c0      0x118 Drivers/STM32F4xx_HAL_Driver/Src/stm32f4xx_hal_cortex.o
 .debug_aranges
                0x00000000000003d8       0x58 Drivers/STM32F4xx_HAL_Driver/Src/stm32f4xx_hal_gpio.o
 .debug_aranges
                0x0000000000000430      0x138 Drivers/STM32F4xx_HAL_Driver/Src/stm32f4xx_hal_pcd.o
 .debug_aranges
                0x0000000000000568       0x38 Drivers/STM32F4xx_HAL_Driver/Src/stm32f4xx_hal_pcd_ex.o
 .debug_aranges
                0x00000000000005a0       0x88 Drivers/STM32F4xx_HAL_Driver/Src/stm32f4xx_hal_rcc.o
 .debug_aranges
                0x0000000000000628      0x3a8 Drivers/STM32F4xx_HAL_Driver/Src/stm32f4xx_hal_tim.o
 .debug_aranges
                0x00000000000009d0      0x150 Drivers/STM32F4xx_HAL_Driver/Src/stm32f4xx_hal_tim_ex.o
 .debug_aranges
                0x0000000000000b20      0x1d0 Drivers/STM32F4xx_HAL_Driver/Src/stm32f4xx_hal_uart.o
 .debug_aranges
                0x0000000000000cf0      0x198 Drivers/STM32F4xx_HAL_Driver/Src/stm32f4xx_ll_usb.o
 .debug_aranges
                0x0000000000000e88       0x90 Middlewares/ST/STM32_USB_Device_Library/Class/CDC/Src/usbd_cdc.o
 .debug_aranges
                0x0000000000000f18       0xb8 Middlewares/ST/STM32_USB_Device_Library/Core/Src/usbd_core.o
 .debug_aranges
                0x0000000000000fd0       0x90 Middlewares/ST/STM32_USB_Device_Library/Core/Src/usbd_ctlreq.o
 .debug_aranges
                0x0000000000001060       0x50 Middlewares/ST/STM32_USB_Device_Library/Core/Src/usbd_ioreq.o
 .debug_aranges
                0x00000000000010b0       0x20 USB_DEVICE/App/usb_device.o
 .debug_aranges
                0x00000000000010d0       0x48 USB_DEVICE/App/usbd_cdc_if.o
 .debug_aranges
                0x0000000000001118       0x60 USB_DEVICE/App/usbd_desc.o
 .debug_aranges
                0x0000000000001178      0x100 USB_DEVICE/Target/usbd_conf.o

.debug_ranges   0x0000000000000000     0x10f0
 .debug_ranges  0x0000000000000000       0x40 Core/Src/cracker.o
 .debug_ranges  0x0000000000000040       0x50 Core/Src/main.o
 .debug_ranges  0x0000000000000090       0x30 Core/Src/stm32f4xx_hal_msp.o
 .debug_ranges  0x00000000000000c0       0x60 Core/Src/stm32f4xx_it.o
 .debug_ranges  0x0000000000000120       0x10 Core/Src/sysmem.o
 .debug_ranges  0x0000000000000130       0x18 Core/Src/system_stm32f4xx.o
 .debug_ranges  0x0000000000000148       0x20 Core/Startup/startup_stm32f407vetx.o
 .debug_ranges  0x0000000000000168       0xe0 Drivers/STM32F4xx_HAL_Driver/Src/stm32f4xx_hal.o
 .debug_ranges  0x0000000000000248      0x108 Drivers/STM32F4xx_HAL_Driver/Src/stm32f4xx_hal_cortex.o
 .debug_ranges  0x0000000000000350       0x48 Drivers/STM32F4xx_HAL_Driver/Src/stm32f4xx_hal_gpio.o
 .debug_ranges  0x0000000000000398      0x128 Drivers/STM32F4xx_HAL_Driver/Src/stm32f4xx_hal_pcd.o
 .debug_ranges  0x00000000000004c0       0x28 Drivers/STM32F4xx_HAL_Driver/Src/stm32f4xx_hal_pcd_ex.o
 .debug_ranges  0x00000000000004e8       0x78 Drivers/STM32F4xx_HAL_Driver/Src/stm32f4xx_hal_rcc.o
 .debug_ranges  0x0000000000000560      0x398 Drivers/STM32F4xx_HAL_Driver/Src/stm32f4xx_hal_tim.o
 .debug_ranges  0x00000000000008f8      0x140 Drivers/STM32F4xx_HAL_Driver/Src/stm32f4xx_hal_tim_ex.o
 .debug_ranges  0x0000000000000a38      0x1c0 Drivers/STM32F4xx_HAL_Driver/Src/stm32f4xx_hal_uart.o
 .debug_ranges  0x0000000000000bf8      0x188 Drivers/STM32F4xx_HAL_Driver/Src/stm32f4xx_ll_usb.o
 .debug_ranges  0x0000000000000d80       0x80 Middlewares/ST/STM32_USB_Device_Library/Class/CDC/Src/usbd_cdc.o
 .debug_ranges  0x0000000000000e00       0xa8 Middlewares/ST/STM32_USB_Device_Library/Core/Src/usbd_core.o
 .debug_ranges  0x0000000000000ea8       0x80 Middlewares/ST/STM32_USB_Device_Library/Core/Src/usbd_ctlreq.o
 .debug_ranges  0x0000000000000f28       0x40 Middlewares/ST/STM32_USB_Device_Library/Core/Src/usbd_ioreq.o
 .debug_ranges  0x0000000000000f68       0x10 USB_DEVICE/App/usb_device.o
 .debug_ranges  0x0000000000000f78       0x38 USB_DEVICE/App/usbd_cdc_if.o
 .debug_ranges  0x0000000000000fb0       0x50 USB_DEVICE/App/usbd_desc.o
 .debug_ranges  0x0000000000001000       0xf0 USB_DEVICE/Target/usbd_conf.o

.debug_macro    0x0000000000000000    0x245fa
 .debug_macro   0x0000000000000000      0x201 Core/Src/cracker.o
 .debug_macro   0x0000000000000201      0xa5a Core/Src/cracker.o
 .debug_macro   0x0000000000000c5b      0x29a Core/Src/cracker.o
 .debug_macro   0x0000000000000ef5       0x2e Core/Src/cracker.o
 .debug_macro   0x0000000000000f23       0x2f Core/Src/cracker.o
 .debug_macro   0x0000000000000f52       0x22 Core/Src/cracker.o
 .debug_macro   0x0000000000000f74       0x8e Core/Src/cracker.o
 .debug_macro   0x0000000000001002       0x51 Core/Src/cracker.o
 .debug_macro   0x0000000000001053       0xef Core/Src/cracker.o
 .debug_macro   0x0000000000001142       0x6a Core/Src/cracker.o
 .debug_macro   0x00000000000011ac      0x1df Core/Src/cracker.o
 .debug_macro   0x000000000000138b       0x1c Core/Src/cracker.o
 .debug_macro   0x00000000000013a7       0x22 Core/Src/cracker.o
 .debug_macro   0x00000000000013c9       0xdf Core/Src/cracker.o
 .debug_macro   0x00000000000014a8     0x102d Core/Src/cracker.o
 .debug_macro   0x00000000000024d5      0x11f Core/Src/cracker.o
 .debug_macro   0x00000000000025f4    0x15e3c Core/Src/cracker.o
 .debug_macro   0x0000000000018430       0x43 Core/Src/cracker.o
 .debug_macro   0x0000000000018473     0x3659 Core/Src/cracker.o
 .debug_macro   0x000000000001bacc      0x174 Core/Src/cracker.o
 .debug_macro   0x000000000001bc40       0x5a Core/Src/cracker.o
 .debug_macro   0x000000000001bc9a      0x96b Core/Src/cracker.o
 .debug_macro   0x000000000001c605      0x9fe Core/Src/cracker.o
 .debug_macro   0x000000000001d003      0x117 Core/Src/cracker.o
 .debug_macro   0x000000000001d11a      0x13e Core/Src/cracker.o
 .debug_macro   0x000000000001d258       0x27 Core/Src/cracker.o
 .debug_macro   0x000000000001d27f      0x174 Core/Src/cracker.o
 .debug_macro   0x000000000001d3f3      0x287 Core/Src/cracker.o
 .debug_macro   0x000000000001d67a       0x5f Core/Src/cracker.o
 .debug_macro   0x000000000001d6d9      0x236 Core/Src/cracker.o
 .debug_macro   0x000000000001d90f      0x12c Core/Src/cracker.o
 .debug_macro   0x000000000001da3b      0x21e Core/Src/cracker.o
 .debug_macro   0x000000000001dc59       0x2e Core/Src/cracker.o
 .debug_macro   0x000000000001dc87      0x11a Core/Src/cracker.o
 .debug_macro   0x000000000001dda1       0x7e Core/Src/cracker.o
 .debug_macro   0x000000000001de1f       0x89 Core/Src/cracker.o
 .debug_macro   0x000000000001dea8      0x8a0 Core/Src/cracker.o
 .debug_macro   0x000000000001e748       0x47 Core/Src/cracker.o
 .debug_macro   0x000000000001e78f      0x287 Core/Src/cracker.o
 .debug_macro   0x000000000001ea16      0x21e Core/Src/cracker.o
 .debug_macro   0x000000000001ec34       0xba Core/Src/cracker.o
 .debug_macro   0x000000000001ecee      0x12d Core/Src/cracker.o
 .debug_macro   0x000000000001ee1b       0x4c Core/Src/cracker.o
 .debug_macro   0x000000000001ee67      0x449 Core/Src/main.o
 .debug_macro   0x000000000001f2b0       0x4c Core/Src/main.o
 .debug_macro   0x000000000001f2fc       0x46 Core/Src/main.o
 .debug_macro   0x000000000001f342       0x18 Core/Src/main.o
 .debug_macro   0x000000000001f35a       0x3c Core/Src/main.o
 .debug_macro   0x000000000001f396       0x34 Core/Src/main.o
 .debug_macro   0x000000000001f3ca       0x16 Core/Src/main.o
 .debug_macro   0x000000000001f3e0       0x35 Core/Src/main.o
 .debug_macro   0x000000000001f415      0x32a Core/Src/main.o
 .debug_macro   0x000000000001f73f       0x10 Core/Src/main.o
 .debug_macro   0x000000000001f74f       0x52 Core/Src/main.o
 .debug_macro   0x000000000001f7a1       0x1f Core/Src/main.o
 .debug_macro   0x000000000001f7c0       0x43 Core/Src/main.o
 .debug_macro   0x000000000001f803       0x20 Core/Src/main.o
 .debug_macro   0x000000000001f823      0x1a3 Core/Src/main.o
 .debug_macro   0x000000000001f9c6       0x10 Core/Src/main.o
 .debug_macro   0x000000000001f9d6       0x1c Core/Src/main.o
 .debug_macro   0x000000000001f9f2       0x52 Core/Src/main.o
 .debug_macro   0x000000000001fa44       0x40 Core/Src/main.o
 .debug_macro   0x000000000001fa84       0x10 Core/Src/main.o
 .debug_macro   0x000000000001fa94       0x40 Core/Src/main.o
 .debug_macro   0x000000000001fad4       0xd7 Core/Src/main.o
 .debug_macro   0x000000000001fbab       0x1c Core/Src/main.o
 .debug_macro   0x000000000001fbc7       0x3d Core/Src/main.o
 .debug_macro   0x000000000001fc04       0x16 Core/Src/main.o
 .debug_macro   0x000000000001fc1a      0x145 Core/Src/main.o
 .debug_macro   0x000000000001fd5f       0x16 Core/Src/main.o
 .debug_macro   0x000000000001fd75       0x16 Core/Src/main.o
 .debug_macro   0x000000000001fd8b       0x29 Core/Src/main.o
 .debug_macro   0x000000000001fdb4       0x16 Core/Src/main.o
 .debug_macro   0x000000000001fdca       0x20 Core/Src/main.o
 .debug_macro   0x000000000001fdea       0x65 Core/Src/main.o
 .debug_macro   0x000000000001fe4f      0x1c4 Core/Src/main.o
 .debug_macro   0x0000000000020013       0x8f Core/Src/main.o
 .debug_macro   0x00000000000200a2       0x10 Core/Src/main.o
 .debug_macro   0x00000000000200b2       0x52 Core/Src/main.o
 .debug_macro   0x0000000000020104      0x1e1 Core/Src/main.o
 .debug_macro   0x00000000000202e5      0x201 Core/Src/stm32f4xx_hal_msp.o
 .debug_macro   0x00000000000204e6      0x20b Core/Src/stm32f4xx_it.o
 .debug_macro   0x00000000000206f1       0xee Core/Src/sysmem.o
 .debug_macro   0x00000000000207df      0x23b Core/Src/sysmem.o
 .debug_macro   0x0000000000020a1a      0x1f8 Core/Src/system_stm32f4xx.o